device=cpu  cells=3  X=500/cell  alpha=1.04 (H=0.980|0.980|0.980)
TEST  10 replicate(s) x 3 cells, 7200s = 2h measured @1ms (+36s warm-up) = 7.24e+06 bins/cell
TRAIN 4200 samples per granularity, refit per replicate with its own seeds, generated at bin width = sample_dt
buffer 1 MiB = 8.39 Mbit/cell   beam 790 Mb/s   adaptive_mean=True   backlog_aware=True

##############################################################################
REPLICATE 0   test seeds [101, 102, 103]   train seeds [500101, 500102, 500103]
test traffic generated in 14.1s   offered 732.9 Mb/s   rho = 0.928

==============================================================================
[rep 0] sample_dt = 1.5s   1500 slots/period   4824 periods, start=24 (4800 decisions = 7200s measured)
  train: 4200 samples = 6300s (1.75h), generated at 1.5s bins
  H_meas (local Whittle, test window): c0=0.989  c1=0.967  c2=1.000   [nominal 0.98|0.98|0.98]
    cell0: H_est=1.000   m_train=244.3 vs m_test=239.5 Mb/s (+2.0%)
    cell1: H_est=1.000   m_train=244.6 vs m_test=247.7 Mb/s (-1.2%)
    cell2: H_est=1.000   m_train=248.9 vs m_test=245.7 Mb/s (+1.3%)
      linearP cell0: H_fit=0.950 sum(w)=0.964
      linearP cell1: H_fit=0.955 sum(w)=0.968
      linearP cell2: H_fit=0.955 sum(w)=0.968
      dlinear cell0: val NMSE=0.3581  scaler mu=366.08 Mb sd=8.11 Mb
      dlinear cell1: val NMSE=0.3318  scaler mu=367.81 Mb sd=7.86 Mb
      dlinear cell2: val NMSE=0.3930  scaler mu=374.24 Mb sd=8.55 Mb
    (train gen + fit: 9.6s)

linearp
  loss ratio      0.000e+00   (0.000 Mb dropped)
  wasted slots      7.23% avoidable (plan error)     0.00% unavoidable (system empty)
  served          732.9 Mb/s
  backlog         mean    0.772 Mb   p95    1.198   p99    1.232   max    1.508
    cell0        mean    0.272 Mb   p95    0.719   p99    0.744   max    1.117
    cell1        mean    0.248 Mb   p95    0.513   p99    0.729   max    1.141
    cell2        mean    0.252 Mb   p95    0.515   p99    0.735   max    1.046
    worst cell    max    1.141 Mb   imbalance 0.023 Mb
  forecast MASE   0.9246   slot err 3.836 slots/cell/period
  mismatch        deficit 0.0000 Mb / surplus 28.5694 Mb per cell-period
  (37s)

dlinear
  loss ratio      0.000e+00   (0.000 Mb dropped)
  wasted slots      7.23% avoidable (plan error)     0.00% unavoidable (system empty)
  served          732.9 Mb/s
  backlog         mean    0.770 Mb   p95    1.198   p99    1.232   max    1.545
    cell0        mean    0.270 Mb   p95    0.718   p99    0.743   max    1.117
    cell1        mean    0.249 Mb   p95    0.513   p99    0.733   max    1.141
    cell2        mean    0.251 Mb   p95    0.515   p99    0.734   max    1.057
    worst cell    max    1.141 Mb   imbalance 0.021 Mb
  forecast MASE   0.9296   slot err 3.869 slots/cell/period
  mismatch        deficit 0.0000 Mb / surplus 28.5694 Mb per cell-period
  (37s)
  saved results_alpha/beam790e6/exp2_alpha_a1p04/backlog_1p5s_*.png
  saved results_alpha/beam790e6/exp2_alpha_a1p04/summary_1p5s.txt
  saved results_alpha/beam790e6/exp2_alpha_a1p04/metrics.csv (2 rows)

replicate 0 done in 99s

##############################################################################
REPLICATE 1   test seeds [104, 105, 106]   train seeds [500104, 500105, 500106]
test traffic generated in 16.2s   offered 742.9 Mb/s   rho = 0.940

==============================================================================
[rep 1] sample_dt = 1.5s   1500 slots/period   4824 periods, start=24 (4800 decisions = 7200s measured)
  train: 4200 samples = 6300s (1.75h), generated at 1.5s bins
  H_meas (local Whittle, test window): c0=0.936  c1=0.984  c2=0.952   [nominal 0.98|0.98|0.98]
    cell0: H_est=1.000   m_train=243.3 vs m_test=245.2 Mb/s (-0.8%)
    cell1: H_est=1.000   m_train=272.6 vs m_test=247.3 Mb/s (+10.2%)
    cell2: H_est=0.941   m_train=253.4 vs m_test=250.3 Mb/s (+1.2%)
      linearP cell0: H_fit=0.945 sum(w)=0.960
      linearP cell1: H_fit=0.955 sum(w)=0.968
      linearP cell2: H_fit=0.945 sum(w)=0.960
      dlinear cell0: val NMSE=0.4497  scaler mu=364.75 Mb sd=7.48 Mb
      dlinear cell1: val NMSE=0.4609  scaler mu=409.60 Mb sd=9.27 Mb
      dlinear cell2: val NMSE=0.4150  scaler mu=380.68 Mb sd=7.52 Mb
    (train gen + fit: 10.3s)

linearp
  loss ratio      0.000e+00   (0.000 Mb dropped)
  wasted slots      5.96% avoidable (plan error)     0.00% unavoidable (system empty)
  served          742.9 Mb/s
  backlog         mean    0.783 Mb   p95    1.218   p99    1.255   max    2.498
    cell0        mean    0.270 Mb   p95    0.726   p99    0.756   max    2.178
    cell1        mean    0.261 Mb   p95    0.705   p99    0.759   max    1.804
    cell2        mean    0.253 Mb   p95    0.517   p99    0.736   max    2.239
    worst cell    max    2.239 Mb   imbalance 0.017 Mb
  forecast MASE   0.9206   slot err 3.963 slots/cell/period
  mismatch        deficit 0.0000 Mb / surplus 23.5514 Mb per cell-period
  (37s)

dlinear
  loss ratio      0.000e+00   (0.000 Mb dropped)
  wasted slots      5.96% avoidable (plan error)     0.00% unavoidable (system empty)
  served          742.9 Mb/s
  backlog         mean    0.787 Mb   p95    1.218   p99    1.255   max    3.076
    cell0        mean    0.279 Mb   p95    0.734   p99    0.762   max    2.819
    cell1        mean    0.253 Mb   p95    0.519   p99    0.742   max    1.107
    cell2        mean    0.255 Mb   p95    0.521   p99    0.747   max    2.693
    worst cell    max    2.819 Mb   imbalance 0.026 Mb
  forecast MASE   1.0294   slot err 4.418 slots/cell/period
  mismatch        deficit 0.0000 Mb / surplus 23.5514 Mb per cell-period
  (37s)
  saved results_alpha/beam790e6/exp2_alpha_a1p04/metrics.csv (4 rows)

replicate 1 done in 100s

##############################################################################
REPLICATE 2   test seeds [107, 108, 109]   train seeds [500107, 500108, 500109]
test traffic generated in 14.7s   offered 760.1 Mb/s   rho = 0.962

==============================================================================
[rep 2] sample_dt = 1.5s   1500 slots/period   4824 periods, start=24 (4800 decisions = 7200s measured)
  train: 4200 samples = 6300s (1.75h), generated at 1.5s bins
  H_meas (local Whittle, test window): c0=0.899  c1=0.997  c2=0.985   [nominal 0.98|0.98|0.98]
    cell0: H_est=0.984   m_train=253.7 vs m_test=247.7 Mb/s (+2.4%)
    cell1: H_est=0.974   m_train=250.4 vs m_test=259.8 Mb/s (-3.6%)
    cell2: H_est=0.965   m_train=251.0 vs m_test=252.6 Mb/s (-0.6%)
      linearP cell0: H_fit=0.955 sum(w)=0.968
      linearP cell1: H_fit=0.955 sum(w)=0.968
      linearP cell2: H_fit=0.955 sum(w)=0.968
      dlinear cell0: val NMSE=0.4072  scaler mu=380.47 Mb sd=7.85 Mb
      dlinear cell1: val NMSE=0.4341  scaler mu=374.89 Mb sd=7.30 Mb
      dlinear cell2: val NMSE=0.3800  scaler mu=376.54 Mb sd=7.23 Mb
    (train gen + fit: 7.9s)

linearp
  loss ratio      0.000e+00   (0.000 Mb dropped)
  wasted slots      3.78% avoidable (plan error)     0.00% unavoidable (system empty)
  served          760.1 Mb/s
  backlog         mean    0.913 Mb   p95    1.280   p99    2.178   max    8.092
    cell0        mean    0.329 Mb   p95    0.754   p99    1.018   max    5.643
    cell1        mean    0.288 Mb   p95    0.582   p99    0.837   max    7.221
    cell2        mean    0.296 Mb   p95    0.743   p99    0.965   max    5.496
    worst cell    max    7.221 Mb   imbalance 0.040 Mb
  forecast MASE   0.9222   slot err 3.627 slots/cell/period
  mismatch        deficit 0.0040 Mb / surplus 14.9457 Mb per cell-period
  (37s)

dlinear
  loss ratio      0.000e+00   (0.000 Mb dropped)
  wasted slots      3.78% avoidable (plan error)     0.00% unavoidable (system empty)
  served          760.1 Mb/s
  backlog         mean    0.908 Mb   p95    1.282   p99    2.236   max    8.102
    cell0        mean    0.312 Mb   p95    0.749   p99    0.870   max    4.590
    cell1        mean    0.303 Mb   p95    0.616   p99    1.115   max    7.807
    cell2        mean    0.293 Mb   p95    0.743   p99    0.953   max    5.858
    worst cell    max    7.807 Mb   imbalance 0.019 Mb
  forecast MASE   0.9487   slot err 3.816 slots/cell/period
  mismatch        deficit 0.0049 Mb / surplus 14.9466 Mb per cell-period
  (36s)
  saved results_alpha/beam790e6/exp2_alpha_a1p04/metrics.csv (6 rows)

replicate 2 done in 96s

##############################################################################
REPLICATE 3   test seeds [110, 111, 112]   train seeds [500110, 500111, 500112]
test traffic generated in 15.3s   offered 731.3 Mb/s   rho = 0.926

==============================================================================
[rep 3] sample_dt = 1.5s   1500 slots/period   4824 periods, start=24 (4800 decisions = 7200s measured)
  train: 4200 samples = 6300s (1.75h), generated at 1.5s bins
  H_meas (local Whittle, test window): c0=0.977  c1=0.981  c2=0.971   [nominal 0.98|0.98|0.98]
    cell0: H_est=1.000   m_train=238.0 vs m_test=243.7 Mb/s (-2.3%)
    cell1: H_est=0.987   m_train=242.9 vs m_test=239.8 Mb/s (+1.3%)
    cell2: H_est=1.000   m_train=251.8 vs m_test=247.8 Mb/s (+1.6%)
      linearP cell0: H_fit=0.960 sum(w)=0.972
      linearP cell1: H_fit=0.970 sum(w)=0.980
      linearP cell2: H_fit=0.960 sum(w)=0.972
      dlinear cell0: val NMSE=0.3886  scaler mu=357.79 Mb sd=8.60 Mb
      dlinear cell1: val NMSE=0.3907  scaler mu=365.45 Mb sd=7.78 Mb
      dlinear cell2: val NMSE=0.2828  scaler mu=379.50 Mb sd=7.12 Mb
    (train gen + fit: 7.9s)

linearp
  loss ratio      0.000e+00   (0.000 Mb dropped)
  wasted slots      7.43% avoidable (plan error)     0.00% unavoidable (system empty)
  served          731.3 Mb/s
  backlog         mean    0.769 Mb   p95    1.200   p99    1.231   max    1.891
    cell0        mean    0.254 Mb   p95    0.543   p99    0.736   max    1.159
    cell1        mean    0.268 Mb   p95    0.720   p99    0.918   max    1.151
    cell2        mean    0.247 Mb   p95    0.511   p99    0.705   max    1.298
    worst cell    max    1.298 Mb   imbalance 0.021 Mb
  forecast MASE   0.9228   slot err 3.953 slots/cell/period
  mismatch        deficit 0.0000 Mb / surplus 29.3447 Mb per cell-period
  (36s)

dlinear
  loss ratio      0.000e+00   (0.000 Mb dropped)
  wasted slots      7.43% avoidable (plan error)     0.00% unavoidable (system empty)
  served          731.3 Mb/s
  backlog         mean    0.768 Mb   p95    1.199   p99    1.231   max    1.591
    cell0        mean    0.256 Mb   p95    0.602   p99    0.738   max    1.262
    cell1        mean    0.266 Mb   p95    0.719   p99    0.906   max    1.056
    cell2        mean    0.246 Mb   p95    0.511   p99    0.702   max    1.166
    worst cell    max    1.262 Mb   imbalance 0.020 Mb
  forecast MASE   0.9265   slot err 3.972 slots/cell/period
  mismatch        deficit 0.0000 Mb / surplus 29.3447 Mb per cell-period
  (37s)
  saved results_alpha/beam790e6/exp2_alpha_a1p04/metrics.csv (8 rows)

replicate 3 done in 96s

##############################################################################
REPLICATE 4   test seeds [113, 114, 115]   train seeds [500113, 500114, 500115]
test traffic generated in 15.0s   offered 731.6 Mb/s   rho = 0.926

==============================================================================
[rep 4] sample_dt = 1.5s   1500 slots/period   4824 periods, start=24 (4800 decisions = 7200s measured)
  train: 4200 samples = 6300s (1.75h), generated at 1.5s bins
  H_meas (local Whittle, test window): c0=1.000  c1=0.963  c2=0.958   [nominal 0.98|0.98|0.98]
    cell0: H_est=0.996   m_train=241.1 vs m_test=231.9 Mb/s (+4.0%)
    cell1: H_est=0.942   m_train=231.5 vs m_test=244.5 Mb/s (-5.3%)
    cell2: H_est=0.928   m_train=259.3 vs m_test=255.3 Mb/s (+1.6%)
      linearP cell0: H_fit=0.960 sum(w)=0.972
      linearP cell1: H_fit=0.960 sum(w)=0.972
      linearP cell2: H_fit=0.960 sum(w)=0.972
      dlinear cell0: val NMSE=0.4300  scaler mu=360.25 Mb sd=7.88 Mb
      dlinear cell1: val NMSE=0.4458  scaler mu=348.39 Mb sd=6.66 Mb
      dlinear cell2: val NMSE=0.4685  scaler mu=388.82 Mb sd=7.46 Mb
    (train gen + fit: 7.8s)

linearp
  loss ratio      0.000e+00   (0.000 Mb dropped)
  wasted slots      7.39% avoidable (plan error)     0.00% unavoidable (system empty)
  served          731.6 Mb/s
  backlog         mean    0.803 Mb   p95    1.182   p99    1.218   max    1.640
    cell0        mean    0.294 Mb   p95    0.707   p99    0.741   max    1.074
    cell1        mean    0.261 Mb   p95    0.610   p99    0.744   max    1.046
    cell2        mean    0.248 Mb   p95    0.523   p99    0.565   max    1.384
    worst cell    max    1.384 Mb   imbalance 0.046 Mb
  forecast MASE   0.9239   slot err 3.899 slots/cell/period
  mismatch        deficit 0.0000 Mb / surplus 29.1837 Mb per cell-period
  (36s)

dlinear
  loss ratio      0.000e+00   (0.000 Mb dropped)
  wasted slots      7.39% avoidable (plan error)     0.00% unavoidable (system empty)
  served          731.6 Mb/s
  backlog         mean    0.803 Mb   p95    1.182   p99    1.218   max    1.809
    cell0        mean    0.290 Mb   p95    0.705   p99    0.737   max    1.107
    cell1        mean    0.266 Mb   p95    0.633   p99    0.745   max    1.251
    cell2        mean    0.247 Mb   p95    0.523   p99    0.562   max    1.543
    worst cell    max    1.543 Mb   imbalance 0.043 Mb
  forecast MASE   0.9514   slot err 4.070 slots/cell/period
  mismatch        deficit 0.0000 Mb / surplus 29.1837 Mb per cell-period
  (36s)
  saved results_alpha/beam790e6/exp2_alpha_a1p04/metrics.csv (10 rows)

replicate 4 done in 96s

##############################################################################
REPLICATE 5   test seeds [116, 117, 118]   train seeds [500116, 500117, 500118]
test traffic generated in 14.5s   offered 761.6 Mb/s   rho = 0.964

==============================================================================
[rep 5] sample_dt = 1.5s   1500 slots/period   4824 periods, start=24 (4800 decisions = 7200s measured)
  train: 4200 samples = 6300s (1.75h), generated at 1.5s bins
  H_meas (local Whittle, test window): c0=0.977  c1=1.000  c2=1.000   [nominal 0.98|0.98|0.98]
    cell0: H_est=1.000   m_train=268.9 vs m_test=262.5 Mb/s (+2.4%)
    cell1: H_est=1.000   m_train=264.4 vs m_test=255.4 Mb/s (+3.5%)
    cell2: H_est=0.956   m_train=245.4 vs m_test=243.6 Mb/s (+0.8%)
      linearP cell0: H_fit=0.965 sum(w)=0.976
      linearP cell1: H_fit=0.955 sum(w)=0.968
      linearP cell2: H_fit=0.935 sum(w)=0.952
      dlinear cell0: val NMSE=0.2927  scaler mu=402.70 Mb sd=7.41 Mb
      dlinear cell1: val NMSE=0.3950  scaler mu=395.77 Mb sd=9.11 Mb
      dlinear cell2: val NMSE=0.3549  scaler mu=367.72 Mb sd=6.89 Mb
    (train gen + fit: 8.2s)

linearp
  loss ratio      1.538e-06   (8.434 Mb dropped)
  wasted slots      3.60% avoidable (plan error)     0.00% unavoidable (system empty)
  served          761.6 Mb/s
  backlog         mean    1.025 Mb   p95    1.621   p99    3.754   max   14.305
    cell0        mean    0.330 Mb   p95    0.670   p99    1.551   max    8.389
    cell1        mean    0.313 Mb   p95    0.715   p99    1.234   max    6.066
    cell2        mean    0.383 Mb   p95    0.862   p99    1.837   max    8.370
    worst cell    max    8.389 Mb   imbalance 0.070 Mb
  forecast MASE   0.9256   slot err 3.701 slots/cell/period
  mismatch        deficit 0.0136 Mb / surplus 14.2339 Mb per cell-period
  (37s)

dlinear
  loss ratio      1.384e-06   (7.588 Mb dropped)
  wasted slots      3.60% avoidable (plan error)     0.00% unavoidable (system empty)
  served          761.6 Mb/s
  backlog         mean    1.029 Mb   p95    1.643   p99    3.830   max   13.831
    cell0        mean    0.327 Mb   p95    0.665   p99    1.484   max    8.185
    cell1        mean    0.309 Mb   p95    0.708   p99    1.158   max    5.572
    cell2        mean    0.393 Mb   p95    0.893   p99    2.085   max    8.377
    worst cell    max    8.377 Mb   imbalance 0.083 Mb
  forecast MASE   0.9332   slot err 3.703 slots/cell/period
  mismatch        deficit 0.0144 Mb / surplus 14.2347 Mb per cell-period
  (36s)
  saved results_alpha/beam790e6/exp2_alpha_a1p04/metrics.csv (12 rows)

replicate 5 done in 96s

##############################################################################
REPLICATE 6   test seeds [119, 120, 121]   train seeds [500119, 500120, 500121]
test traffic generated in 14.1s   offered 761.2 Mb/s   rho = 0.964

==============================================================================
[rep 6] sample_dt = 1.5s   1500 slots/period   4824 periods, start=24 (4800 decisions = 7200s measured)
  train: 4200 samples = 6300s (1.75h), generated at 1.5s bins
  H_meas (local Whittle, test window): c0=0.930  c1=0.972  c2=0.944   [nominal 0.98|0.98|0.98]
    cell0: H_est=0.983   m_train=249.6 vs m_test=253.4 Mb/s (-1.5%)
    cell1: H_est=0.980   m_train=246.1 vs m_test=246.6 Mb/s (-0.2%)
    cell2: H_est=0.922   m_train=250.7 vs m_test=261.2 Mb/s (-4.0%)
      linearP cell0: H_fit=0.950 sum(w)=0.964
      linearP cell1: H_fit=0.960 sum(w)=0.972
      linearP cell2: H_fit=0.935 sum(w)=0.952
      dlinear cell0: val NMSE=0.5237  scaler mu=376.01 Mb sd=7.84 Mb
      dlinear cell1: val NMSE=0.4237  scaler mu=368.05 Mb sd=7.05 Mb
      dlinear cell2: val NMSE=0.3505  scaler mu=375.34 Mb sd=6.49 Mb
    (train gen + fit: 7.7s)

linearp
  loss ratio      2.497e-07   (1.368 Mb dropped)
  wasted slots      3.65% avoidable (plan error)     0.00% unavoidable (system empty)
  served          761.2 Mb/s
  backlog         mean    0.943 Mb   p95    1.302   p99    2.396   max   13.149
    cell0        mean    0.303 Mb   p95    0.723   p99    0.921   max    5.766
    cell1        mean    0.342 Mb   p95    0.770   p99    1.066   max    8.181
    cell2        mean    0.298 Mb   p95    0.600   p99    0.927   max    8.159
    worst cell    max    8.181 Mb   imbalance 0.044 Mb
  forecast MASE   0.9205   slot err 3.646 slots/cell/period
  mismatch        deficit 0.0062 Mb / surplus 14.4064 Mb per cell-period
  (37s)

dlinear
  loss ratio      4.803e-07   (2.633 Mb dropped)
  wasted slots      3.65% avoidable (plan error)     0.00% unavoidable (system empty)
  served          761.2 Mb/s
  backlog         mean    0.940 Mb   p95    1.300   p99    2.440   max   13.660
    cell0        mean    0.299 Mb   p95    0.712   p99    0.874   max    6.561
    cell1        mean    0.339 Mb   p95    0.768   p99    1.052   max    8.389
    cell2        mean    0.302 Mb   p95    0.605   p99    0.969   max    8.154
    worst cell    max    8.389 Mb   imbalance 0.040 Mb
  forecast MASE   0.9265   slot err 3.674 slots/cell/period
  mismatch        deficit 0.0063 Mb / surplus 14.4065 Mb per cell-period
  (37s)
  saved results_alpha/beam790e6/exp2_alpha_a1p04/metrics.csv (14 rows)

replicate 6 done in 95s

##############################################################################
REPLICATE 7   test seeds [122, 123, 124]   train seeds [500122, 500123, 500124]
test traffic generated in 15.2s   offered 766.6 Mb/s   rho = 0.970

==============================================================================
[rep 7] sample_dt = 1.5s   1500 slots/period   4824 periods, start=24 (4800 decisions = 7200s measured)
  train: 4200 samples = 6300s (1.75h), generated at 1.5s bins
  H_meas (local Whittle, test window): c0=1.000  c1=1.000  c2=0.996   [nominal 0.98|0.98|0.98]
    cell0: H_est=0.973   m_train=261.7 vs m_test=248.0 Mb/s (+5.5%)
    cell1: H_est=0.990   m_train=234.0 vs m_test=251.3 Mb/s (-6.9%)
    cell2: H_est=0.979   m_train=232.1 vs m_test=267.4 Mb/s (-13.2%)
      linearP cell0: H_fit=0.970 sum(w)=0.980
      linearP cell1: H_fit=0.940 sum(w)=0.956
      linearP cell2: H_fit=0.965 sum(w)=0.976
      dlinear cell0: val NMSE=0.4348  scaler mu=393.28 Mb sd=8.07 Mb
      dlinear cell1: val NMSE=0.3859  scaler mu=350.98 Mb sd=6.87 Mb
      dlinear cell2: val NMSE=0.4707  scaler mu=348.55 Mb sd=8.56 Mb
    (train gen + fit: 7.8s)

linearp
  loss ratio      2.497e-05   (137.834 Mb dropped)
  wasted slots      2.96% avoidable (plan error)     0.00% unavoidable (system empty)
  served          766.6 Mb/s
  backlog         mean    1.414 Mb   p95    3.548   p99   10.512   max   23.601
    cell0        mean    0.457 Mb   p95    1.025   p99    4.018   max    8.389
    cell1        mean    0.499 Mb   p95    1.385   p99    5.286   max    8.389
    cell2        mean    0.458 Mb   p95    1.077   p99    4.055   max    8.202
    worst cell    max    8.389 Mb   imbalance 0.041 Mb
  forecast MASE   0.9171   slot err 3.878 slots/cell/period
  mismatch        deficit 0.0725 Mb / surplus 11.7555 Mb per cell-period
  (36s)

dlinear
  loss ratio      4.116e-05   (227.203 Mb dropped)
  wasted slots      2.96% avoidable (plan error)     0.00% unavoidable (system empty)
  served          766.6 Mb/s
  backlog         mean    1.523 Mb   p95    4.468   p99   11.394   max   22.467
    cell0        mean    0.359 Mb   p95    0.754   p99    1.999   max    8.389
    cell1        mean    0.559 Mb   p95    1.885   p99    6.102   max    8.389
    cell2        mean    0.605 Mb   p95    2.242   p99    6.120   max    8.203
    worst cell    max    8.389 Mb   imbalance 0.245 Mb
  forecast MASE   1.1184   slot err 4.660 slots/cell/period
  mismatch        deficit 0.0963 Mb / surplus 11.7793 Mb per cell-period
  (36s)
  saved results_alpha/beam790e6/exp2_alpha_a1p04/metrics.csv (16 rows)

replicate 7 done in 96s

##############################################################################
REPLICATE 8   test seeds [125, 126, 127]   train seeds [500125, 500126, 500127]
test traffic generated in 14.9s   offered 736.4 Mb/s   rho = 0.932

==============================================================================
[rep 8] sample_dt = 1.5s   1500 slots/period   4824 periods, start=24 (4800 decisions = 7200s measured)
  train: 4200 samples = 6300s (1.75h), generated at 1.5s bins
  H_meas (local Whittle, test window): c0=0.949  c1=0.985  c2=0.966   [nominal 0.98|0.98|0.98]
    cell0: H_est=0.992   m_train=244.9 vs m_test=239.4 Mb/s (+2.3%)
    cell1: H_est=1.000   m_train=253.9 vs m_test=240.4 Mb/s (+5.6%)
    cell2: H_est=0.940   m_train=248.8 vs m_test=256.6 Mb/s (-3.1%)
      linearP cell0: H_fit=0.945 sum(w)=0.960
      linearP cell1: H_fit=0.955 sum(w)=0.968
      linearP cell2: H_fit=0.940 sum(w)=0.956
      dlinear cell0: val NMSE=0.4213  scaler mu=366.49 Mb sd=7.30 Mb
      dlinear cell1: val NMSE=0.3499  scaler mu=382.36 Mb sd=8.64 Mb
      dlinear cell2: val NMSE=0.3123  scaler mu=372.91 Mb sd=6.74 Mb
    (train gen + fit: 7.8s)

linearp
  loss ratio      0.000e+00   (0.000 Mb dropped)
  wasted slots      6.79% avoidable (plan error)     0.00% unavoidable (system empty)
  served          736.4 Mb/s
  backlog         mean    0.805 Mb   p95    1.197   p99    1.230   max    1.658
    cell0        mean    0.278 Mb   p95    0.712   p99    0.740   max    1.272
    cell1        mean    0.276 Mb   p95    0.713   p99    0.754   max    1.074
    cell2        mean    0.251 Mb   p95    0.527   p99    0.577   max    1.418
    worst cell    max    1.418 Mb   imbalance 0.027 Mb
  forecast MASE   0.9260   slot err 3.948 slots/cell/period
  mismatch        deficit 0.0000 Mb / surplus 26.8157 Mb per cell-period
  (37s)

dlinear
  loss ratio      0.000e+00   (0.000 Mb dropped)
  wasted slots      6.79% avoidable (plan error)     0.00% unavoidable (system empty)
  served          736.4 Mb/s
  backlog         mean    0.801 Mb   p95    1.197   p99    1.229   max    1.871
    cell0        mean    0.276 Mb   p95    0.712   p99    0.740   max    1.130
    cell1        mean    0.272 Mb   p95    0.712   p99    0.750   max    1.038
    cell2        mean    0.253 Mb   p95    0.527   p99    0.581   max    1.632
    worst cell    max    1.632 Mb   imbalance 0.023 Mb
  forecast MASE   0.9502   slot err 4.138 slots/cell/period
  mismatch        deficit 0.0000 Mb / surplus 26.8157 Mb per cell-period
  (36s)
  saved results_alpha/beam790e6/exp2_alpha_a1p04/metrics.csv (18 rows)

replicate 8 done in 95s

##############################################################################
REPLICATE 9   test seeds [128, 129, 130]   train seeds [500128, 500129, 500130]
test traffic generated in 15.9s   offered 746.8 Mb/s   rho = 0.945

==============================================================================
[rep 9] sample_dt = 1.5s   1500 slots/period   4824 periods, start=24 (4800 decisions = 7200s measured)
  train: 4200 samples = 6300s (1.75h), generated at 1.5s bins
  H_meas (local Whittle, test window): c0=1.000  c1=0.959  c2=0.960   [nominal 0.98|0.98|0.98]
    cell0: H_est=0.980   m_train=253.4 vs m_test=250.0 Mb/s (+1.4%)
    cell1: H_est=1.000   m_train=257.4 vs m_test=242.1 Mb/s (+6.4%)granularity_study.py:1132: UserWarning: Creating legend with loc="best" can be slow with large amounts of data.
  fig.tight_layout()
granularity_study.py:1133: UserWarning: Creating legend with loc="best" can be slow with large amounts of data.
  fig.savefig(f"{args.out_dir}/backlog_{tag}_{k}.png", dpi=120)

    cell2: H_est=0.933   m_train=259.7 vs m_test=254.8 Mb/s (+2.0%)
      linearP cell0: H_fit=0.955 sum(w)=0.968
      linearP cell1: H_fit=0.955 sum(w)=0.968
      linearP cell2: H_fit=0.955 sum(w)=0.968
      dlinear cell0: val NMSE=0.4430  scaler mu=378.71 Mb sd=7.00 Mb
      dlinear cell1: val NMSE=0.4080  scaler mu=388.10 Mb sd=7.25 Mb
      dlinear cell2: val NMSE=0.5269  scaler mu=389.15 Mb sd=7.44 Mb
    (train gen + fit: 8.1s)

linearp
  loss ratio      0.000e+00   (0.000 Mb dropped)
  wasted slots      5.47% avoidable (plan error)     0.00% unavoidable (system empty)
  served          746.8 Mb/s
  backlog         mean    0.822 Mb   p95    1.225   p99    1.264   max    6.391
    cell0        mean    0.267 Mb   p95    0.587   p99    0.748   max    2.291
    cell1        mean    0.298 Mb   p95    0.739   p99    0.957   max    6.053
    cell2        mean    0.258 Mb   p95    0.525   p99    0.627   max    3.718
    worst cell    max    6.053 Mb   imbalance 0.040 Mb
  forecast MASE   0.9214   slot err 4.006 slots/cell/period
  mismatch        deficit 0.0003 Mb / surplus 21.6069 Mb per cell-period
  (37s)

dlinear
  loss ratio      0.000e+00   (0.000 Mb dropped)
  wasted slots      5.47% avoidable (plan error)     0.00% unavoidable (system empty)
  served          746.8 Mb/s
  backlog         mean    0.823 Mb   p95    1.226   p99    1.265   max    5.787
    cell0        mean    0.269 Mb   p95    0.625   p99    0.752   max    2.400
    cell1        mean    0.296 Mb   p95    0.738   p99    0.948   max    5.407
    cell2        mean    0.257 Mb   p95    0.525   p99    0.619   max    3.797
    worst cell    max    5.407 Mb   imbalance 0.039 Mb
  forecast MASE   0.9339   slot err 4.035 slots/cell/period
  mismatch        deficit 0.0003 Mb / surplus 21.6069 Mb per cell-period
  (36s)
  saved results_alpha/beam790e6/exp2_alpha_a1p04/metrics.csv (20 rows)

replicate 9 done in 97s


per-replicate summary -- loss ratio and mean backlog:
  sample_dt=1.5s  dlinear: 4.30e-06 / 0.92Mb   linearp: 2.68e-06 / 0.90Mb
pooled over R = 10 replicates (3 test + 3 train seeds each)
alpha = 1.04   H = 0.980|0.980|0.980
test 2h/replicate   500 sources/cell   fixed split 1|1|1   beam 790 Mb/s   buffer 1 MiB
mean +/- SE of the mean; SE = sd/sqrt(R)

========================================================================
sample_dt = 1.5s   decisions/replicate = 4800
  metric                             linearp           dlinear
  loss_ratio               2.676e-06+/-2e-06 4.303e-06+/-4e-06
  backlog_mean_Mb          9.050e-01+/-6e-02 9.152e-01+/-7e-02
  backlog_sd_Mb            3.641e-01+/-2e-01 3.819e-01+/-2e-01
  backlog_p95_Mb           1.497e+00+/-2e-01 1.591e+00+/-3e-01
  backlog_p99_Mb           2.627e+00+/-9e-01 2.733e+00+/-1e+00
  backlog_max_Mb           7.474e+00+/-2e+00 7.374e+00+/-2e+00
  backlog_max_cell_Mb      4.571e+00+/-1e+00 4.676e+00+/-1e+00
  backlog_mean_cell_max_Mb 3.231e-01+/-2e-02 3.327e-01+/-3e-02
  backlog_imbalance_Mb     3.694e-02+/-5e-03 5.601e-02+/-2e-02
  waste_avoidable_pct      5.426e+00+/-6e-01 5.426e+00+/-6e-01
  served_Mbps              7.471e+02+/-4e+00 7.471e+02+/-4e+00
  forecast_mase            9.225e-01+/-9e-04 9.648e-01+/-2e-02
  forecast_mase_eq         9.225e-01+/-9e-04 9.648e-01+/-2e-02
  forecast_mase_worst      9.272e-01+/-1e-03 1.017e+00+/-4e-02
  forecast_sd_ratio        8.383e-01+/-6e-03 8.175e-01+/-7e-03
  forecast_sd_ratio_eq     8.363e-01+/-6e-03 8.157e-01+/-6e-03
  slot_err                 3.846e+00+/-4e-02 4.035e+00+/-1e-01
  deficit_Mb_per_period    9.656e-03+/-7e-03 1.222e-02+/-9e-03
  surplus_Mb_per_period    2.144e+01+/-2e+00 2.144e+01+/-2e+00
  backlog_max_c0_Mb        3.728e+00+/-1e+00 3.756e+00+/-9e-01
  backlog_max_c1_Mb        4.213e+00+/-1e+00 4.116e+00+/-1e+00
  backlog_max_c2_Mb        4.133e+00+/-1e+00 4.248e+00+/-1e+00
  backlog_mean_c0_Mb       3.052e-01+/-2e-02 2.938e-01+/-1e-02
  backlog_mean_c1_Mb       3.054e-01+/-2e-02 3.112e-01+/-3e-02
  backlog_mean_c2_Mb       2.944e-01+/-2e-02 3.102e-01+/-4e-02
  backlog_p95_c0_Mb        7.164e-01+/-4e-02 6.977e-01+/-2e-02
  backlog_p95_c1_Mb        7.452e-01+/-8e-02 7.811e-01+/-1e-01
  backlog_p95_c2_Mb        6.401e-01+/-6e-02 7.605e-01+/-2e-01
  backlog_p99_c0_Mb        1.197e+00+/-3e-01 9.700e-01+/-1e-01
  backlog_p99_c1_Mb        1.329e+00+/-4e-01 1.425e+00+/-5e-01
  backlog_p99_c2_Mb        1.173e+00+/-3e-01 1.407e+00+/-5e-01
  backlog_sd_c0_Mb         2.927e-01+/-5e-02 2.657e-01+/-3e-02
  backlog_sd_c1_Mb         2.989e-01+/-6e-02 3.129e-01+/-7e-02
  backlog_sd_c2_Mb         2.941e-01+/-5e-02 3.275e-01+/-8e-02
  forecast_mase_c0         9.216e-01+/-2e-03 9.342e-01+/-5e-03
  forecast_mase_c1         9.227e-01+/-2e-03 9.867e-01+/-3e-02
  forecast_mase_c2         9.232e-01+/-1e-03 9.736e-01+/-4e-02
  forecast_sd_ratio_c0     8.387e-01+/-1e-02 8.218e-01+/-1e-02
  forecast_sd_ratio_c1     8.412e-01+/-6e-03 8.208e-01+/-7e-03
  forecast_sd_ratio_c2     8.290e-01+/-7e-03 8.045e-01+/-9e-03
  slot_err_c0              3.841e+00+/-5e-02 4.079e+00+/-1e-01
  slot_err_c1              3.858e+00+/-5e-02 4.044e+00+/-1e-01
  slot_err_c2              3.838e+00+/-5e-02 3.983e+00+/-1e-01

  PAIRED (same seeds; negative = first policy better).  t-interval at 95%
    dmax_cell[linearp-dlinear] = -0.1050 +/- 0.2503 Mb   linearp better in 5/10
    dimbalance[linearp-dlinear] = -0.0191 +/- 0.0469 Mb   linearp better in 3/10
    dmax[linearp-dlinear] = +0.0997 +/- 0.3798 Mb   linearp better in 6/10
    dmean[linearp-dlinear] = -0.0102 +/- 0.0248 Mb   linearp better in 4/10
    dmase[linearp-dlinear] = -0.0423 +/- 0.0457    linearp better in 10/10
    dmase_eq[linearp-dlinear] = -0.0423 +/- 0.0456    linearp better in 10/10
    dmase_worst[linearp-dlinear] = -0.0897 +/- 0.1004    linearp better in 10/10
  * dsd_ratio[linearp-dlinear] = +0.0208 +/- 0.0082    linearp better in 0/10
  * dsd_ratio_eq[linearp-dlinear] = +0.0206 +/- 0.0079    linearp better in 0/10
    loss[linearp]/loss[dlinear] = 0.705 (x/ 1.261)   linearp better in 2/3

  saved results_alpha/beam790e6/exp2_alpha_a1p04/summary_pooled.txt
  saved results_alpha/beam790e6/exp2_alpha_a1p04/pooled.csv

total 967s
