device=cpu  cells=3  X=500/cell  alpha=1.44 (H=0.780|0.780|0.780)
TEST  10 replicate(s) x 3 cells, 7200s = 2h measured @1ms (+36s warm-up) = 7.24e+06 bins/cell
TRAIN 4200 samples per granularity, refit per replicate with its own seeds, generated at bin width = sample_dt
buffer 1 MiB = 8.39 Mbit/cell   beam 760 Mb/s   adaptive_mean=True   backlog_aware=True

##############################################################################
REPLICATE 0   test seeds [101, 102, 103]   train seeds [500101, 500102, 500103]
test traffic generated in 85.3s   offered 749.8 Mb/s   rho = 0.987

==============================================================================
[rep 0] sample_dt = 1.5s   1500 slots/period   4824 periods, start=24 (4800 decisions = 7200s measured)
  train: 4200 samples = 6300s (1.75h), generated at 1.5s bins
  H_meas (local Whittle, test window): c0=0.789  c1=0.771  c2=0.693   [nominal 0.78|0.78|0.78]
    cell0: H_est=0.804   m_train=250.3 vs m_test=250.1 Mb/s (+0.1%)
    cell1: H_est=0.753   m_train=249.3 vs m_test=249.5 Mb/s (-0.1%)
    cell2: H_est=0.830   m_train=250.7 vs m_test=250.2 Mb/s (+0.2%)
      linearP cell0: H_fit=0.795 sum(w)=0.788
      linearP cell1: H_fit=0.800 sum(w)=0.796
      linearP cell2: H_fit=0.780 sum(w)=0.765
      dlinear cell0: val NMSE=0.6191  scaler mu=375.18 Mb sd=4.12 Mb
      dlinear cell1: val NMSE=0.7972  scaler mu=373.95 Mb sd=4.15 Mb
      dlinear cell2: val NMSE=0.8042  scaler mu=376.20 Mb sd=4.18 Mb
    (train gen + fit: 56.3s)

linearp
  loss ratio      5.839e-06   (31.521 Mb dropped)
  wasted slots      1.35% avoidable (plan error)     0.00% unavoidable (system empty)
  served          749.8 Mb/s
  backlog         mean    2.046 Mb   p95    5.420   p99    8.314   max   20.912
    cell0        mean    0.673 Mb   p95    2.406   p99    4.461   max    8.202
    cell1        mean    0.709 Mb   p95    2.623   p99    4.708   max    8.389
    cell2        mean    0.664 Mb   p95    2.367   p99    4.157   max    8.361
    worst cell    max    8.389 Mb   imbalance 0.044 Mb
  forecast MASE   0.8465   slot err 3.124 slots/cell/period
  mismatch        deficit 0.1464 Mb / surplus 5.2573 Mb per cell-period
  (37s)

dlinear
  loss ratio      6.089e-06   (32.872 Mb dropped)
  wasted slots      1.35% avoidable (plan error)     0.00% unavoidable (system empty)
  served          749.8 Mb/s
  backlog         mean    2.056 Mb   p95    5.444   p99    8.363   max   20.832
    cell0        mean    0.691 Mb   p95    2.486   p99    4.546   max    8.389
    cell1        mean    0.730 Mb   p95    2.706   p99    4.894   max    8.389
    cell2        mean    0.635 Mb   p95    2.245   p99    3.956   max    8.370
    worst cell    max    8.389 Mb   imbalance 0.095 Mb
  forecast MASE   0.8502   slot err 3.134 slots/cell/period
  mismatch        deficit 0.1491 Mb / surplus 5.2600 Mb per cell-period
  (36s)
  saved results_alpha/beam760e6/exp2_alpha_a1p44/backlog_1p5s_*.png
  saved results_alpha/beam760e6/exp2_alpha_a1p44/summary_1p5s.txt
  saved results_alpha/beam760e6/exp2_alpha_a1p44/metrics.csv (2 rows)

replicate 0 done in 216s

##############################################################################
REPLICATE 1   test seeds [104, 105, 106]   train seeds [500104, 500105, 500106]
test traffic generated in 118.4s   offered 750.0 Mb/s   rho = 0.987

==============================================================================
[rep 1] sample_dt = 1.5s   1500 slots/period   4824 periods, start=24 (4800 decisions = 7200s measured)
  train: 4200 samples = 6300s (1.75h), generated at 1.5s bins
  H_meas (local Whittle, test window): c0=0.770  c1=0.808  c2=0.787   [nominal 0.78|0.78|0.78]
    cell0: H_est=0.802   m_train=249.7 vs m_test=249.7 Mb/s (+0.0%)
    cell1: H_est=0.807   m_train=250.1 vs m_test=250.3 Mb/s (-0.1%)
    cell2: H_est=0.842   m_train=250.1 vs m_test=250.0 Mb/s (+0.0%)
      linearP cell0: H_fit=0.780 sum(w)=0.765
      linearP cell1: H_fit=0.785 sum(w)=0.773
      linearP cell2: H_fit=0.800 sum(w)=0.796
      dlinear cell0: val NMSE=0.8025  scaler mu=374.49 Mb sd=4.12 Mb
      dlinear cell1: val NMSE=0.7583  scaler mu=374.98 Mb sd=4.13 Mb
      dlinear cell2: val NMSE=0.7438  scaler mu=375.28 Mb sd=4.22 Mb
    (train gen + fit: 62.3s)

linearp
  loss ratio      8.789e-06   (47.466 Mb dropped)
  wasted slots      1.31% avoidable (plan error)     0.00% unavoidable (system empty)
  served          750.0 Mb/s
  backlog         mean    2.134 Mb   p95    5.668   p99    8.827   max   20.717
    cell0        mean    0.714 Mb   p95    2.634   p99    4.821   max    8.389
    cell1        mean    0.726 Mb   p95    2.668   p99    4.748   max    8.389
    cell2        mean    0.694 Mb   p95    2.494   p99    4.362   max    8.389
    worst cell    max    8.389 Mb   imbalance 0.032 Mb
  forecast MASE   0.8405   slot err 3.203 slots/cell/period
  mismatch        deficit 0.1687 Mb / surplus 5.1506 Mb per cell-period
  (37s)

dlinear
  loss ratio      8.140e-06   (43.961 Mb dropped)
  wasted slots      1.31% avoidable (plan error)     0.00% unavoidable (system empty)
  served          750.0 Mb/s
  backlog         mean    2.138 Mb   p95    5.701   p99    8.886   max   21.416
    cell0        mean    0.710 Mb   p95    2.596   p99    4.719   max    8.389
    cell1        mean    0.738 Mb   p95    2.747   p99    4.919   max    8.389
    cell2        mean    0.690 Mb   p95    2.456   p99    4.306   max    8.389
    worst cell    max    8.389 Mb   imbalance 0.047 Mb
  forecast MASE   0.8434   slot err 3.184 slots/cell/period
  mismatch        deficit 0.1664 Mb / surplus 5.1483 Mb per cell-period
  (37s)
  saved results_alpha/beam760e6/exp2_alpha_a1p44/metrics.csv (4 rows)

replicate 1 done in 255s

##############################################################################
REPLICATE 2   test seeds [107, 108, 109]   train seeds [500107, 500108, 500109]
test traffic generated in 109.5s   offered 748.0 Mb/s   rho = 0.984

==============================================================================
[rep 2] sample_dt = 1.5s   1500 slots/period   4824 periods, start=24 (4800 decisions = 7200s measured)
  train: 4200 samples = 6300s (1.75h), generated at 1.5s bins
  H_meas (local Whittle, test window): c0=0.768  c1=0.786  c2=0.807   [nominal 0.78|0.78|0.78]
    cell0: H_est=0.764   m_train=249.5 vs m_test=249.6 Mb/s (-0.0%)
    cell1: H_est=0.792   m_train=249.9 vs m_test=249.0 Mb/s (+0.4%)
    cell2: H_est=0.726   m_train=250.1 vs m_test=249.4 Mb/s (+0.3%)
      linearP cell0: H_fit=0.775 sum(w)=0.756
      linearP cell1: H_fit=0.805 sum(w)=0.803
      linearP cell2: H_fit=0.770 sum(w)=0.748
      dlinear cell0: val NMSE=0.7175  scaler mu=374.32 Mb sd=3.99 Mb
      dlinear cell1: val NMSE=0.7229  scaler mu=375.16 Mb sd=4.18 Mb
      dlinear cell2: val NMSE=0.8375  scaler mu=375.07 Mb sd=4.01 Mb
    (train gen + fit: 59.6s)

linearp
  loss ratio      1.836e-06   (9.885 Mb dropped)
  wasted slots      1.58% avoidable (plan error)     0.00% unavoidable (system empty)
  served          748.0 Mb/s
  backlog         mean    1.641 Mb   p95    4.107   p99    6.766   max   16.991
    cell0        mean    0.558 Mb   p95    1.910   p99    3.626   max    8.370
    cell1        mean    0.527 Mb   p95    1.705   p99    3.327   max    8.169
    cell2        mean    0.556 Mb   p95    1.859   p99    3.545   max    8.389
    worst cell    max    8.389 Mb   imbalance 0.031 Mb
  forecast MASE   0.8422   slot err 3.118 slots/cell/period
  mismatch        deficit 0.0821 Mb / surplus 6.0930 Mb per cell-period
  (37s)

dlinear
  loss ratio      2.039e-06   (10.981 Mb dropped)
  wasted slots      1.58% avoidable (plan error)     0.00% unavoidable (system empty)
  served          748.0 Mb/s
  backlog         mean    1.651 Mb   p95    4.155   p99    6.809   max   16.991
    cell0        mean    0.584 Mb   p95    2.036   p99    3.808   max    8.389
    cell1        mean    0.532 Mb   p95    1.738   p99    3.349   max    8.174
    cell2        mean    0.535 Mb   p95    1.749   p99    3.469   max    8.389
    worst cell    max    8.389 Mb   imbalance 0.052 Mb
  forecast MASE   0.8482   slot err 3.152 slots/cell/period
  mismatch        deficit 0.0862 Mb / surplus 6.0971 Mb per cell-period
  (36s)
  saved results_alpha/beam760e6/exp2_alpha_a1p44/metrics.csv (6 rows)

replicate 2 done in 242s

##############################################################################
REPLICATE 3   test seeds [110, 111, 112]   train seeds [500110, 500111, 500112]
test traffic generated in 102.8s   offered 751.5 Mb/s   rho = 0.989

==============================================================================
[rep 3] sample_dt = 1.5s   1500 slots/period   4824 periods, start=24 (4800 decisions = 7200s measured)
  train: 4200 samples = 6300s (1.75h), generated at 1.5s bins
  H_meas (local Whittle, test window): c0=0.758  c1=0.805  c2=0.808   [nominal 0.78|0.78|0.78]
    cell0: H_est=0.781   m_train=249.4 vs m_test=250.6 Mb/s (-0.5%)
    cell1: H_est=0.756   m_train=250.1 vs m_test=250.0 Mb/s (+0.0%)
    cell2: H_est=0.793   m_train=249.7 vs m_test=250.9 Mb/s (-0.5%)
      linearP cell0: H_fit=0.785 sum(w)=0.773
      linearP cell1: H_fit=0.765 sum(w)=0.740
      linearP cell2: H_fit=0.760 sum(w)=0.731
      dlinear cell0: val NMSE=0.7627  scaler mu=374.35 Mb sd=4.07 Mb
      dlinear cell1: val NMSE=0.7682  scaler mu=375.07 Mb sd=3.91 Mb
      dlinear cell2: val NMSE=0.6844  scaler mu=374.57 Mb sd=3.92 Mb
    (train gen + fit: 54.8s)

linearp
  loss ratio      2.706e-05   (146.431 Mb dropped)
  wasted slots      1.12% avoidable (plan error)     0.00% unavoidable (system empty)
  served          751.5 Mb/s
  backlog         mean    2.698 Mb   p95    7.564   p99   12.423   max   22.038
    cell0        mean    0.877 Mb   p95    3.313   p99    5.739   max    8.389
    cell1        mean    0.919 Mb   p95    3.506   p99    5.833   max    8.389
    cell2        mean    0.903 Mb   p95    3.374   p99    5.838   max    8.389
    worst cell    max    8.389 Mb   imbalance 0.042 Mb
  forecast MASE   0.8459   slot err 3.171 slots/cell/period
  mismatch        deficit 0.2549 Mb / surplus 4.5031 Mb per cell-period
  (37s)

dlinear
  loss ratio      2.800e-05   (151.501 Mb dropped)
  wasted slots      1.12% avoidable (plan error)     0.00% unavoidable (system empty)
  served          751.5 Mb/s
  backlog         mean    2.706 Mb   p95    7.606   p99   12.416   max   22.784
    cell0        mean    0.907 Mb   p95    3.444   p99    5.895   max    8.389
    cell1        mean    0.838 Mb   p95    3.181   p99    5.487   max    8.389
    cell2        mean    0.962 Mb   p95    3.610   p99    6.119   max    8.389
    worst cell    max    8.389 Mb   imbalance 0.124 Mb
  forecast MASE   0.8504   slot err 3.184 slots/cell/period
  mismatch        deficit 0.2577 Mb / surplus 4.5059 Mb per cell-period
  (36s)
  saved results_alpha/beam760e6/exp2_alpha_a1p44/metrics.csv (8 rows)

replicate 3 done in 231s

##############################################################################
REPLICATE 4   test seeds [113, 114, 115]   train seeds [500113, 500114, 500115]
test traffic generated in 113.8s   offered 749.1 Mb/s   rho = 0.986

==============================================================================
[rep 4] sample_dt = 1.5s   1500 slots/period   4824 periods, start=24 (4800 decisions = 7200s measured)
  train: 4200 samples = 6300s (1.75h), generated at 1.5s bins
  H_meas (local Whittle, test window): c0=0.806  c1=0.756  c2=0.817   [nominal 0.78|0.78|0.78]
    cell0: H_est=0.794   m_train=249.6 vs m_test=249.6 Mb/s (-0.0%)
    cell1: H_est=0.765   m_train=249.4 vs m_test=249.8 Mb/s (-0.2%)
    cell2: H_est=0.775   m_train=250.4 vs m_test=249.7 Mb/s (+0.3%)
      linearP cell0: H_fit=0.770 sum(w)=0.748
      linearP cell1: H_fit=0.775 sum(w)=0.756
      linearP cell2: H_fit=0.790 sum(w)=0.780
      dlinear cell0: val NMSE=0.7772  scaler mu=374.24 Mb sd=4.05 Mb
      dlinear cell1: val NMSE=0.8230  scaler mu=374.12 Mb sd=4.06 Mb
      dlinear cell2: val NMSE=0.7639  scaler mu=375.84 Mb sd=4.06 Mb
    (train gen + fit: 56.2s)

linearp
  loss ratio      3.514e-06   (18.950 Mb dropped)
  wasted slots      1.44% avoidable (plan error)     0.00% unavoidable (system empty)
  served          749.1 Mb/s
  backlog         mean    1.886 Mb   p95    4.921   p99    7.886   max   17.730
    cell0        mean    0.633 Mb   p95    2.220   p99    4.260   max    8.389
    cell1        mean    0.607 Mb   p95    2.111   p99    3.976   max    8.207
    cell2        mean    0.646 Mb   p95    2.285   p99    4.246   max    8.389
    worst cell    max    8.389 Mb   imbalance 0.039 Mb
  forecast MASE   0.8444   slot err 3.118 slots/cell/period
  mismatch        deficit 0.1200 Mb / surplus 5.5730 Mb per cell-period
  (37s)

dlinear
  loss ratio      4.171e-06   (22.497 Mb dropped)
  wasted slots      1.44% avoidable (plan error)     0.00% unavoidable (system empty)
  served          749.1 Mb/s
  backlog         mean    1.884 Mb   p95    4.899   p99    7.986   max   19.225
    cell0        mean    0.637 Mb   p95    2.243   p99    4.341   max    8.389
    cell1        mean    0.647 Mb   p95    2.289   p99    4.210   max    8.197
    cell2        mean    0.601 Mb   p95    2.077   p99    3.958   max    8.389
    worst cell    max    8.389 Mb   imbalance 0.047 Mb
  forecast MASE   0.8483   slot err 3.132 slots/cell/period
  mismatch        deficit 0.1191 Mb / surplus 5.5720 Mb per cell-period
  (36s)
  saved results_alpha/beam760e6/exp2_alpha_a1p44/metrics.csv (10 rows)

replicate 4 done in 243s

##############################################################################
REPLICATE 5   test seeds [116, 117, 118]   train seeds [500116, 500117, 500118]
test traffic generated in 118.4s   offered 749.5 Mb/s   rho = 0.986

==============================================================================
[rep 5] sample_dt = 1.5s   1500 slots/period   4824 periods, start=24 (4800 decisions = 7200s measured)
  train: 4200 samples = 6300s (1.75h), generated at 1.5s bins
  H_meas (local Whittle, test window): c0=0.771  c1=0.790  c2=0.757   [nominal 0.78|0.78|0.78]
    cell0: H_est=0.753   m_train=249.6 vs m_test=249.8 Mb/s (-0.1%)
    cell1: H_est=0.835   m_train=250.1 vs m_test=250.2 Mb/s (-0.0%)
    cell2: H_est=0.773   m_train=250.0 vs m_test=249.5 Mb/s (+0.2%)
      linearP cell0: H_fit=0.775 sum(w)=0.756
      linearP cell1: H_fit=0.780 sum(w)=0.765
      linearP cell2: H_fit=0.770 sum(w)=0.748
      dlinear cell0: val NMSE=0.8300  scaler mu=374.28 Mb sd=4.05 Mb
      dlinear cell1: val NMSE=0.7982  scaler mu=375.02 Mb sd=4.07 Mb
      dlinear cell2: val NMSE=0.8092  scaler mu=374.80 Mb sd=4.01 Mb
    (train gen + fit: 60.3s)

linearp
  loss ratio      7.559e-06   (40.789 Mb dropped)
  wasted slots      1.39% avoidable (plan error)     0.00% unavoidable (system empty)
  served          749.4 Mb/s
  backlog         mean    2.006 Mb   p95    5.377   p99    9.218   max   18.689
    cell0        mean    0.684 Mb   p95    2.504   p99    4.644   max    8.389
    cell1        mean    0.646 Mb   p95    2.282   p99    4.321   max    8.388
    cell2        mean    0.676 Mb   p95    2.446   p99    4.696   max    8.389
    worst cell    max    8.389 Mb   imbalance 0.039 Mb
  forecast MASE   0.8410   slot err 3.100 slots/cell/period
  mismatch        deficit 0.1386 Mb / surplus 5.4124 Mb per cell-period
  (37s)

dlinear
  loss ratio      6.924e-06   (37.362 Mb dropped)
  wasted slots      1.39% avoidable (plan error)     0.00% unavoidable (system empty)
  served          749.4 Mb/s
  backlog         mean    2.006 Mb   p95    5.375   p99    9.290   max   18.661
    cell0        mean    0.684 Mb   p95    2.507   p99    4.619   max    8.389
    cell1        mean    0.669 Mb   p95    2.379   p99    4.499   max    8.389
    cell2        mean    0.653 Mb   p95    2.341   p99    4.478   max    8.389
    worst cell    max    8.389 Mb   imbalance 0.031 Mb
  forecast MASE   0.8425   slot err 3.108 slots/cell/period
  mismatch        deficit 0.1377 Mb / surplus 5.4115 Mb per cell-period
  (37s)
  saved results_alpha/beam760e6/exp2_alpha_a1p44/metrics.csv (12 rows)

replicate 5 done in 252s

##############################################################################
REPLICATE 6   test seeds [119, 120, 121]   train seeds [500119, 500120, 500121]
test traffic generated in 112.5s   offered 748.9 Mb/s   rho = 0.985

==============================================================================
[rep 6] sample_dt = 1.5s   1500 slots/period   4824 periods, start=24 (4800 decisions = 7200s measured)
  train: 4200 samples = 6300s (1.75h), generated at 1.5s bins
  H_meas (local Whittle, test window): c0=0.787  c1=0.760  c2=0.794   [nominal 0.78|0.78|0.78]
    cell0: H_est=0.787   m_train=249.8 vs m_test=249.4 Mb/s (+0.2%)
    cell1: H_est=0.799   m_train=249.9 vs m_test=250.0 Mb/s (-0.0%)
    cell2: H_est=0.785   m_train=249.9 vs m_test=249.6 Mb/s (+0.1%)
      linearP cell0: H_fit=0.790 sum(w)=0.780
      linearP cell1: H_fit=0.775 sum(w)=0.756
      linearP cell2: H_fit=0.780 sum(w)=0.765
      dlinear cell0: val NMSE=0.7983  scaler mu=374.73 Mb sd=4.12 Mb
      dlinear cell1: val NMSE=0.7293  scaler mu=374.96 Mb sd=4.04 Mb
      dlinear cell2: val NMSE=0.7552  scaler mu=374.85 Mb sd=4.00 Mb
    (train gen + fit: 61.4s)

linearp
  loss ratio      4.175e-06   (22.516 Mb dropped)
  wasted slots      1.46% avoidable (plan error)     0.00% unavoidable (system empty)
  served          748.9 Mb/s
  backlog         mean    1.869 Mb   p95    4.902   p99    7.791   max   16.131
    cell0        mean    0.601 Mb   p95    2.102   p99    3.884   max    8.352
    cell1        mean    0.638 Mb   p95    2.262   p99    4.188   max    8.388
    cell2        mean    0.630 Mb   p95    2.226   p99    4.095   max    8.253
    worst cell    max    8.388 Mb   imbalance 0.036 Mb
  forecast MASE   0.8442   slot err 3.102 slots/cell/period
  mismatch        deficit 0.1150 Mb / surplus 5.6442 Mb per cell-period
  (37s)

dlinear
  loss ratio      4.563e-06   (24.607 Mb dropped)
  wasted slots      1.46% avoidable (plan error)     0.00% unavoidable (system empty)
  served          748.9 Mb/s
  backlog         mean    1.873 Mb   p95    4.916   p99    7.752   max   15.116
    cell0        mean    0.605 Mb   p95    2.120   p99    3.872   max    8.365
    cell1        mean    0.644 Mb   p95    2.300   p99    4.221   max    8.388
    cell2        mean    0.625 Mb   p95    2.202   p99    4.079   max    8.253
    worst cell    max    8.388 Mb   imbalance 0.038 Mb
  forecast MASE   0.8462   slot err 3.112 slots/cell/period
  mismatch        deficit 0.1148 Mb / surplus 5.6440 Mb per cell-period
  (36s)
  saved results_alpha/beam760e6/exp2_alpha_a1p44/metrics.csv (14 rows)

replicate 6 done in 247s

##############################################################################
REPLICATE 7   test seeds [122, 123, 124]   train seeds [500122, 500123, 500124]
test traffic generated in 118.5s   offered 749.5 Mb/s   rho = 0.986

==============================================================================
[rep 7] sample_dt = 1.5s   1500 slots/period   4824 periods, start=24 (4800 decisions = 7200s measured)
  train: 4200 samples = 6300s (1.75h), generated at 1.5s bins
  H_meas (local Whittle, test window): c0=0.747  c1=0.785  c2=0.800   [nominal 0.78|0.78|0.78]
    cell0: H_est=0.811   m_train=249.3 vs m_test=249.6 Mb/s (-0.1%)
    cell1: H_est=0.796   m_train=249.5 vs m_test=250.0 Mb/s (-0.2%)
    cell2: H_est=0.808   m_train=249.7 vs m_test=249.9 Mb/s (-0.1%)
      linearP cell0: H_fit=0.805 sum(w)=0.803
      linearP cell1: H_fit=0.775 sum(w)=0.756
      linearP cell2: H_fit=0.770 sum(w)=0.748
      dlinear cell0: val NMSE=0.6073  scaler mu=373.67 Mb sd=4.12 Mb
      dlinear cell1: val NMSE=0.7648  scaler mu=374.09 Mb sd=4.15 Mb
      dlinear cell2: val NMSE=0.7833  scaler mu=374.33 Mb sd=3.95 Mb
    (train gen + fit: 55.9s)

linearp
  loss ratio      6.025e-06   (32.513 Mb dropped)
  wasted slots      1.38% avoidable (plan error)     0.00% unavoidable (system empty)
  served          749.5 Mb/s
  backlog         mean    2.025 Mb   p95    5.437   p99    8.800   max   21.621
    cell0        mean    0.662 Mb   p95    2.352   p99    4.324   max    8.317
    cell1        mean    0.676 Mb   p95    2.505   p99    4.570   max    8.389
    cell2        mean    0.687 Mb   p95    2.502   p99    4.691   max    8.389
    worst cell    max    8.389 Mb   imbalance 0.026 Mb
  forecast MASE   0.8482   slot err 3.093 slots/cell/period
  mismatch        deficit 0.1460 Mb / surplus 5.3767 Mb per cell-period
  (36s)

dlinear
  loss ratio      6.166e-06   (33.278 Mb dropped)
  wasted slots      1.38% avoidable (plan error)     0.00% unavoidable (system empty)
  served          749.5 Mb/s
  backlog         mean    2.026 Mb   p95    5.455   p99    8.859   max   21.621
    cell0        mean    0.666 Mb   p95    2.351   p99    4.295   max    8.190
    cell1        mean    0.685 Mb   p95    2.533   p99    4.611   max    8.389
    cell2        mean    0.675 Mb   p95    2.471   p99    4.719   max    8.389
    worst cell    max    8.389 Mb   imbalance 0.020 Mb
  forecast MASE   0.8504   slot err 3.097 slots/cell/period
  mismatch        deficit 0.1468 Mb / surplus 5.3775 Mb per cell-period
  (37s)
  saved results_alpha/beam760e6/exp2_alpha_a1p44/metrics.csv (16 rows)

replicate 7 done in 247s

##############################################################################
REPLICATE 8   test seeds [125, 126, 127]   train seeds [500125, 500126, 500127]
test traffic generated in 100.9s   offered 749.5 Mb/s   rho = 0.986

==============================================================================
[rep 8] sample_dt = 1.5s   1500 slots/period   4824 periods, start=24 (4800 decisions = 7200s measured)
  train: 4200 samples = 6300s (1.75h), generated at 1.5s bins
  H_meas (local Whittle, test window): c0=0.822  c1=0.780  c2=0.739   [nominal 0.78|0.78|0.78]
    cell0: H_est=0.763   m_train=249.5 vs m_test=249.1 Mb/s (+0.2%)
    cell1: H_est=0.736   m_train=250.6 vs m_test=249.9 Mb/s (+0.3%)
    cell2: H_est=0.840   m_train=249.5 vs m_test=250.5 Mb/s (-0.4%)
      linearP cell0: H_fit=0.785 sum(w)=0.773
      linearP cell1: H_fit=0.790 sum(w)=0.780
      linearP cell2: H_fit=0.800 sum(w)=0.796
      dlinear cell0: val NMSE=0.7117  scaler mu=374.27 Mb sd=4.12 Mb
      dlinear cell1: val NMSE=0.7747  scaler mu=375.83 Mb sd=4.01 Mb
      dlinear cell2: val NMSE=0.7097  scaler mu=373.88 Mb sd=4.14 Mb
    (train gen + fit: 56.6s)

linearp
  loss ratio      5.925e-06   (31.973 Mb dropped)
  wasted slots      1.38% avoidable (plan error)     0.00% unavoidable (system empty)
  served          749.5 Mb/s
  backlog         mean    2.015 Mb   p95    5.406   p99    8.695   max   15.903
    cell0        mean    0.682 Mb   p95    2.457   p99    4.642   max    8.389
    cell1        mean    0.662 Mb   p95    2.396   p99    4.508   max    8.389
    cell2        mean    0.670 Mb   p95    2.393   p99    4.619   max    8.389
    worst cell    max    8.389 Mb   imbalance 0.020 Mb
  forecast MASE   0.8407   slot err 3.173 slots/cell/period
  mismatch        deficit 0.1484 Mb / surplus 5.4024 Mb per cell-period
  (37s)

dlinear
  loss ratio      6.443e-06   (34.768 Mb dropped)
  wasted slots      1.38% avoidable (plan error)     0.00% unavoidable (system empty)
  served          749.5 Mb/s
  backlog         mean    2.017 Mb   p95    5.403   p99    8.702   max   15.386
    cell0        mean    0.657 Mb   p95    2.349   p99    4.467   max    8.389
    cell1        mean    0.636 Mb   p95    2.247   p99    4.319   max    8.389
    cell2        mean    0.725 Mb   p95    2.631   p99    4.940   max    8.389
    worst cell    max    8.389 Mb   imbalance 0.089 Mb
  forecast MASE   0.8434   slot err 3.172 slots/cell/period
  mismatch        deficit 0.1483 Mb / surplus 5.4023 Mb per cell-period
  (36s)
  saved results_alpha/beam760e6/exp2_alpha_a1p44/metrics.csv (18 rows)

replicate 8 done in 231s

##############################################################################
REPLICATE 9   test seeds [128, 129, 130]   train seeds [500128, 500129, 500130]
test traffic generated in 101.7s   offered 750.8 Mb/s   rho = 0.988

==============================================================================
[rep 9] sample_dt = 1.5s   1500 slots/period   4824 periods, start=24 (4800 decisions = 7200s measured)
  train: 4200 samples = 6300s (1.75h), generated at 1.5s bins
  H_meas (local Whittle, test window): c0=0.769  c1=0.740  c2=0.727   [nominal 0.78|0.78|0.78]
    cell0: H_est=0.813   m_train=250.0 vs m_test=249.9 Mb/s (+0.0%)
    cell1: H_est=0.818   m_train=249.8 vs m_test=251.0 Mb/s (-0.5%)granularity_study.py:1132: UserWarning: Creating legend with loc="best" can be slow with large amounts of data.
  fig.tight_layout()
granularity_study.py:1133: UserWarning: Creating legend with loc="best" can be slow with large amounts of data.
  fig.savefig(f"{args.out_dir}/backlog_{tag}_{k}.png", dpi=120)

    cell2: H_est=0.817   m_train=249.5 vs m_test=249.9 Mb/s (-0.2%)
      linearP cell0: H_fit=0.775 sum(w)=0.756
      linearP cell1: H_fit=0.780 sum(w)=0.765
      linearP cell2: H_fit=0.795 sum(w)=0.788
      dlinear cell0: val NMSE=0.7814  scaler mu=375.33 Mb sd=3.94 Mb
      dlinear cell1: val NMSE=0.8255  scaler mu=374.42 Mb sd=4.06 Mb
      dlinear cell2: val NMSE=0.7675  scaler mu=374.22 Mb sd=4.14 Mb
    (train gen + fit: 63.4s)

linearp
  loss ratio      6.490e-06   (35.087 Mb dropped)
  wasted slots      1.21% avoidable (plan error)     0.00% unavoidable (system empty)
  served          750.8 Mb/s
  backlog         mean    2.370 Mb   p95    6.339   p99    9.536   max   18.170
    cell0        mean    0.789 Mb   p95    2.962   p99    5.042   max    8.389
    cell1        mean    0.795 Mb   p95    2.938   p99    4.888   max    8.389
    cell2        mean    0.786 Mb   p95    2.934   p99    4.851   max    8.389
    worst cell    max    8.389 Mb   imbalance 0.009 Mb
  forecast MASE   0.8424   slot err 3.170 slots/cell/period
  mismatch        deficit 0.2124 Mb / surplus 4.7919 Mb per cell-period
  (36s)

dlinear
  loss ratio      6.887e-06   (37.233 Mb dropped)
  wasted slots      1.21% avoidable (plan error)     0.00% unavoidable (system empty)
  served          750.8 Mb/s
  backlog         mean    2.372 Mb   p95    6.318   p99    9.601   max   18.142
    cell0        mean    0.774 Mb   p95    2.894   p99    4.998   max    8.389
    cell1        mean    0.810 Mb   p95    2.962   p99    4.970   max    8.389
    cell2        mean    0.788 Mb   p95    2.938   p99    4.903   max    8.389
    worst cell    max    8.389 Mb   imbalance 0.036 Mb
  forecast MASE   0.8472   slot err 3.181 slots/cell/period
  mismatch        deficit 0.2130 Mb / surplus 4.7926 Mb per cell-period
  (36s)
  saved results_alpha/beam760e6/exp2_alpha_a1p44/metrics.csv (20 rows)

replicate 9 done in 238s


per-replicate summary -- loss ratio and mean backlog:
  sample_dt=1.5s  dlinear: 7.94e-06 / 2.07Mb   linearp: 7.72e-06 / 2.07Mb
pooled over R = 10 replicates (3 test + 3 train seeds each)
alpha = 1.44   H = 0.780|0.780|0.780
test 2h/replicate   500 sources/cell   fixed split 1|1|1   beam 760 Mb/s   buffer 1 MiB
mean +/- SE of the mean; SE = sd/sqrt(R)

========================================================================
sample_dt = 1.5s   decisions/replicate = 4800
  metric                             linearp           dlinear
  loss_ratio               7.721e-06+/-2e-06 7.942e-06+/-2e-06
  backlog_mean_Mb          2.069e+00+/-9e-02 2.073e+00+/-9e-02
  backlog_sd_Mb            1.726e+00+/-1e-01 1.732e+00+/-1e-01
  backlog_p95_Mb           5.514e+00+/-3e-01 5.527e+00+/-3e-01
  backlog_p99_Mb           8.826e+00+/-5e-01 8.867e+00+/-5e-01
  backlog_max_Mb           1.889e+01+/-7e-01 1.902e+01+/-8e-01
  backlog_max_cell_Mb      8.389e+00+/-4e-05 8.389e+00+/-4e-05
  backlog_mean_cell_max_Mb 7.044e-01+/-3e-02 7.207e-01+/-3e-02
  backlog_imbalance_Mb     3.188e-02+/-3e-03 5.792e-02+/-1e-02
  waste_avoidable_pct      1.361e+00+/-4e-02 1.361e+00+/-4e-02
  served_Mbps              7.497e+02+/-3e-01 7.497e+02+/-3e-01
  forecast_mase            8.436e-01+/-8e-04 8.470e-01+/-1e-03
  forecast_mase_eq         8.436e-01+/-8e-04 8.470e-01+/-1e-03
  forecast_mase_worst      8.487e-01+/-2e-03 8.512e-01+/-2e-03
  forecast_sd_ratio        5.112e-01+/-3e-03 5.008e-01+/-3e-03
  forecast_sd_ratio_eq     5.108e-01+/-3e-03 5.005e-01+/-3e-03
  slot_err                 3.137e+00+/-1e-02 3.146e+00+/-1e-02
  deficit_Mb_per_period    1.532e-01+/-2e-02 1.539e-01+/-2e-02
  surplus_Mb_per_period    5.320e+00+/-1e-01 5.321e+00+/-1e-01
  backlog_max_c0_Mb        8.357e+00+/-2e-02 8.366e+00+/-2e-02
  backlog_max_c1_Mb        8.348e+00+/-3e-02 8.348e+00+/-3e-02
  backlog_max_c2_Mb        8.372e+00+/-1e-02 8.373e+00+/-1e-02
  backlog_mean_c0_Mb       6.872e-01+/-3e-02 6.914e-01+/-3e-02
  backlog_mean_c1_Mb       6.904e-01+/-3e-02 6.927e-01+/-3e-02
  backlog_mean_c2_Mb       6.913e-01+/-3e-02 6.889e-01+/-4e-02
  backlog_p95_c0_Mb        2.486e+00+/-1e-01 2.503e+00+/-1e-01
  backlog_p95_c1_Mb        2.499e+00+/-2e-01 2.508e+00+/-1e-01
  backlog_p95_c2_Mb        2.488e+00+/-1e-01 2.472e+00+/-2e-01
  backlog_p99_c0_Mb        4.544e+00+/-2e-01 4.556e+00+/-2e-01
  backlog_p99_c1_Mb        4.507e+00+/-2e-01 4.548e+00+/-2e-01
  backlog_p99_c2_Mb        4.510e+00+/-2e-01 4.493e+00+/-2e-01
  backlog_sd_c0_Mb         8.959e-01+/-4e-02 9.010e-01+/-4e-02
  backlog_sd_c1_Mb         8.964e-01+/-5e-02 9.020e-01+/-4e-02
  backlog_sd_c2_Mb         8.942e-01+/-4e-02 8.924e-01+/-5e-02
  forecast_mase_c0         8.426e-01+/-1e-03 8.442e-01+/-2e-03
  forecast_mase_c1         8.442e-01+/-3e-03 8.476e-01+/-2e-03
  forecast_mase_c2         8.441e-01+/-2e-03 8.493e-01+/-2e-03
  forecast_sd_ratio_c0     5.112e-01+/-4e-03 5.058e-01+/-5e-03
  forecast_sd_ratio_c1     5.136e-01+/-7e-03 5.046e-01+/-4e-03
  forecast_sd_ratio_c2     5.076e-01+/-6e-03 4.910e-01+/-8e-03
  slot_err_c0              3.134e+00+/-2e-02 3.139e+00+/-2e-02
  slot_err_c1              3.133e+00+/-1e-02 3.142e+00+/-1e-02
  slot_err_c2              3.144e+00+/-1e-02 3.156e+00+/-1e-02

  PAIRED (same seeds; negative = first policy better).  t-interval at 95%
    dmax_cell[linearp-dlinear] = +0.0000 +/- 0.0000 Mb   linearp better in 0/10
  * dimbalance[linearp-dlinear] = -0.0260 +/- 0.0224 Mb   linearp better in 8/10
    dmax[linearp-dlinear] = -0.1272 +/- 0.5015 Mb   linearp better in 4/10
  * dmean[linearp-dlinear] = -0.0040 +/- 0.0029 Mb   linearp better in 8/10
  * dmase[linearp-dlinear] = -0.0034 +/- 0.0010    linearp better in 10/10
  * dmase_eq[linearp-dlinear] = -0.0034 +/- 0.0010    linearp better in 10/10
  * dmase_worst[linearp-dlinear] = -0.0025 +/- 0.0012    linearp better in 10/10
  * dsd_ratio[linearp-dlinear] = +0.0104 +/- 0.0077    linearp better in 1/10
  * dsd_ratio_eq[linearp-dlinear] = +0.0103 +/- 0.0077    linearp better in 1/10
    loss[linearp]/loss[dlinear] = 0.957 (x/ 1.025)   linearp better in 8/10

  saved results_alpha/beam760e6/exp2_alpha_a1p44/summary_pooled.txt
  saved results_alpha/beam760e6/exp2_alpha_a1p44/pooled.csv

total 2402s
