device=cpu  cells=3  X=900|450|150/cell  alpha=1.04|1.24|1.44 (H=0.980|0.880|0.780)
TEST  10 replicate(s) x 3 cells, 7200s = 2h measured @1ms (+36s warm-up) = 7.24e+06 bins/cell
TRAIN 4200 samples per granularity, refit per replicate with its own seeds, generated at bin width = sample_dt
buffer 1 MiB = 8.39 Mbit/cell   beam 790 Mb/s   adaptive_mean=True   backlog_aware=True

##############################################################################
REPLICATE 0   test seeds [101, 102, 103]   train seeds [500101, 500102, 500103]
test traffic generated in 38.4s   offered 739.4 Mb/s   rho = 0.936

==============================================================================
[rep 0] sample_dt = 1.5s   1500 slots/period   4824 periods, start=24 (4800 decisions = 7200s measured)
  train: 4200 samples = 6300s (1.75h), generated at 1.5s bins
  H_meas (local Whittle, test window): c0=0.967  c1=0.869  c2=0.731   [nominal 0.98|0.88|0.78]
    cell0: H_est=0.989   m_train=458.4 vs m_test=442.7 Mb/s (+3.6%)
    cell1: H_est=0.871   m_train=226.0 vs m_test=221.6 Mb/s (+2.0%)
    cell2: H_est=0.791   m_train=75.1 vs m_test=75.1 Mb/s (+0.0%)
      linearP cell0: H_fit=0.965 sum(w)=0.976
      linearP cell1: H_fit=0.865 sum(w)=0.882
      linearP cell2: H_fit=0.785 sum(w)=0.773
      dlinear cell0: val NMSE=0.3164  scaler mu=687.97 Mb sd=10.32 Mb
      dlinear cell1: val NMSE=0.6248  scaler mu=339.34 Mb sd=6.56 Mb
      dlinear cell2: val NMSE=0.7996  scaler mu=112.59 Mb sd=2.24 Mb
    (train gen + fit: 27.6s)

linearp
  loss ratio      0.000e+00   (0.000 Mb dropped)
  wasted slots      6.40% avoidable (plan error)     0.00% unavoidable (system empty)
  served          739.4 Mb/s
  backlog         mean    0.961 Mb   p95    1.152   p99    1.301   max    3.014
    cell0        mean    0.279 Mb   p95    0.625   p99    0.692   max    0.963
    cell1        mean    0.335 Mb   p95    0.687   p99    0.875   max    2.549
    cell2        mean    0.346 Mb   p95    0.691   p99    0.789   max    2.140
    worst cell    max    2.549 Mb   imbalance 0.067 Mb
  forecast MASE   0.8924   slot err 3.479 slots/cell/period
  mismatch        deficit 0.0001 Mb / surplus 25.2980 Mb per cell-period
  (37s)

dlinear
  loss ratio      0.000e+00   (0.000 Mb dropped)
  wasted slots      6.40% avoidable (plan error)     0.00% unavoidable (system empty)
  served          739.4 Mb/s
  backlog         mean    0.963 Mb   p95    1.158   p99    1.322   max    3.014
    cell0        mean    0.279 Mb   p95    0.622   p99    0.692   max    0.988
    cell1        mean    0.336 Mb   p95    0.685   p99    0.873   max    2.549
    cell2        mean    0.349 Mb   p95    0.692   p99    0.801   max    2.282
    worst cell    max    2.549 Mb   imbalance 0.071 Mb
  forecast MASE   0.9369   slot err 3.475 slots/cell/period
  mismatch        deficit 0.0001 Mb / surplus 25.2980 Mb per cell-period
  (36s)
  saved results_alpha/beam790e6/exp4_users_alpha/backlog_1p5s_*.png
  saved results_alpha/beam790e6/exp4_users_alpha/summary_1p5s.txt
  saved results_alpha/beam790e6/exp4_users_alpha/metrics.csv (2 rows)

replicate 0 done in 140s

##############################################################################
REPLICATE 1   test seeds [104, 105, 106]   train seeds [500104, 500105, 500106]
test traffic generated in 41.0s   offered 747.7 Mb/s   rho = 0.947

==============================================================================
[rep 1] sample_dt = 1.5s   1500 slots/period   4824 periods, start=24 (4800 decisions = 7200s measured)
  train: 4200 samples = 6300s (1.75h), generated at 1.5s bins
  H_meas (local Whittle, test window): c0=1.000  c1=0.865  c2=0.776   [nominal 0.98|0.88|0.78]
    cell0: H_est=0.963   m_train=452.8 vs m_test=445.1 Mb/s (+1.7%)
    cell1: H_est=0.873   m_train=225.0 vs m_test=227.0 Mb/s (-0.9%)
    cell2: H_est=0.771   m_train=75.1 vs m_test=75.7 Mb/s (-0.8%)
      linearP cell0: H_fit=0.950 sum(w)=0.964
      linearP cell1: H_fit=0.860 sum(w)=0.876
      linearP cell2: H_fit=0.785 sum(w)=0.773
      dlinear cell0: val NMSE=0.3139  scaler mu=678.36 Mb sd=10.25 Mb
      dlinear cell1: val NMSE=0.7781  scaler mu=338.22 Mb sd=6.65 Mb
      dlinear cell2: val NMSE=0.7425  scaler mu=112.61 Mb sd=2.25 Mb
    (train gen + fit: 28.9s)

linearp
  loss ratio      0.000e+00   (0.000 Mb dropped)
  wasted slots      5.35% avoidable (plan error)     0.00% unavoidable (system empty)
  served          747.7 Mb/s
  backlog         mean    1.015 Mb   p95    1.255   p99    1.665   max    6.057
    cell0        mean    0.294 Mb   p95    0.638   p99    0.710   max    1.561
    cell1        mean    0.355 Mb   p95    0.701   p99    0.944   max    5.707
    cell2        mean    0.366 Mb   p95    0.735   p99    0.914   max    2.777
    worst cell    max    5.707 Mb   imbalance 0.072 Mb
  forecast MASE   0.8942   slot err 3.508 slots/cell/period
  mismatch        deficit 0.0007 Mb / surplus 21.1267 Mb per cell-period
  (37s)

dlinear
  loss ratio      0.000e+00   (0.000 Mb dropped)
  wasted slots      5.35% avoidable (plan error)     0.00% unavoidable (system empty)
  served          747.7 Mb/s
  backlog         mean    1.018 Mb   p95    1.268   p99    1.715   max    6.099
    cell0        mean    0.293 Mb   p95    0.638   p99    0.709   max    1.554
    cell1        mean    0.358 Mb   p95    0.703   p99    0.953   max    5.816
    cell2        mean    0.368 Mb   p95    0.737   p99    0.930   max    2.641
    worst cell    max    5.816 Mb   imbalance 0.075 Mb
  forecast MASE   0.9012   slot err 3.523 slots/cell/period
  mismatch        deficit 0.0008 Mb / surplus 21.1268 Mb per cell-period
  (36s)
  saved results_alpha/beam790e6/exp4_users_alpha/metrics.csv (4 rows)

replicate 1 done in 143s

##############################################################################
REPLICATE 2   test seeds [107, 108, 109]   train seeds [500107, 500108, 500109]
test traffic generated in 43.9s   offered 753.5 Mb/s   rho = 0.954

==============================================================================
[rep 2] sample_dt = 1.5s   1500 slots/period   4824 periods, start=24 (4800 decisions = 7200s measured)
  train: 4200 samples = 6300s (1.75h), generated at 1.5s bins
  H_meas (local Whittle, test window): c0=0.910  c1=0.945  c2=0.770   [nominal 0.98|0.88|0.78]
    cell0: H_est=0.943   m_train=456.4 vs m_test=451.0 Mb/s (+1.2%)
    cell1: H_est=0.928   m_train=224.1 vs m_test=228.0 Mb/s (-1.7%)
    cell2: H_est=0.785   m_train=75.3 vs m_test=74.6 Mb/s (+0.9%)
      linearP cell0: H_fit=0.965 sum(w)=0.976
      linearP cell1: H_fit=0.870 sum(w)=0.887
      linearP cell2: H_fit=0.790 sum(w)=0.780
      dlinear cell0: val NMSE=0.4354  scaler mu=683.96 Mb sd=10.23 Mb
      dlinear cell1: val NMSE=0.6134  scaler mu=336.04 Mb sd=7.23 Mb
      dlinear cell2: val NMSE=0.6753  scaler mu=112.94 Mb sd=2.20 Mb
    (train gen + fit: 27.1s)

linearp
  loss ratio      0.000e+00   (0.000 Mb dropped)
  wasted slots      4.62% avoidable (plan error)     0.00% unavoidable (system empty)
  served          753.5 Mb/s
  backlog         mean    1.060 Mb   p95    1.363   p99    1.893   max    5.971
    cell0        mean    0.306 Mb   p95    0.667   p99    0.734   max    1.906
    cell1        mean    0.370 Mb   p95    0.729   p99    1.032   max    5.531
    cell2        mean    0.384 Mb   p95    0.771   p99    1.032   max    2.977
    worst cell    max    5.531 Mb   imbalance 0.078 Mb
  forecast MASE   0.8920   slot err 3.446 slots/cell/period
  mismatch        deficit 0.0010 Mb / surplus 18.2323 Mb per cell-period
  (37s)

dlinear
  loss ratio      0.000e+00   (0.000 Mb dropped)
  wasted slots      4.62% avoidable (plan error)     0.00% unavoidable (system empty)
  served          753.5 Mb/s
  backlog         mean    1.063 Mb   p95    1.377   p99    1.981   max    6.454
    cell0        mean    0.304 Mb   p95    0.663   p99    0.734   max    1.994
    cell1        mean    0.381 Mb   p95    0.765   p99    1.170   max    5.956
    cell2        mean    0.378 Mb   p95    0.754   p99    0.988   max    2.999
    worst cell    max    5.956 Mb   imbalance 0.077 Mb
  forecast MASE   0.9038   slot err 3.502 slots/cell/period
  mismatch        deficit 0.0012 Mb / surplus 18.2325 Mb per cell-period
  (36s)
  saved results_alpha/beam790e6/exp4_users_alpha/metrics.csv (6 rows)

replicate 2 done in 143s

##############################################################################
REPLICATE 3   test seeds [110, 111, 112]   train seeds [500110, 500111, 500112]
test traffic generated in 47.7s   offered 750.8 Mb/s   rho = 0.950

==============================================================================
[rep 3] sample_dt = 1.5s   1500 slots/period   4824 periods, start=24 (4800 decisions = 7200s measured)
  train: 4200 samples = 6300s (1.75h), generated at 1.5s bins
  H_meas (local Whittle, test window): c0=0.962  c1=0.905  c2=0.769   [nominal 0.98|0.88|0.78]
    cell0: H_est=1.000   m_train=430.4 vs m_test=451.0 Mb/s (-4.6%)
    cell1: H_est=0.945   m_train=225.9 vs m_test=224.8 Mb/s (+0.5%)
    cell2: H_est=0.757   m_train=75.1 vs m_test=75.0 Mb/s (+0.1%)
      linearP cell0: H_fit=0.955 sum(w)=0.968
      linearP cell1: H_fit=0.890 sum(w)=0.909
      linearP cell2: H_fit=0.785 sum(w)=0.773
      dlinear cell0: val NMSE=0.3314  scaler mu=646.38 Mb sd=10.19 Mb
      dlinear cell1: val NMSE=0.5543  scaler mu=338.04 Mb sd=7.13 Mb
      dlinear cell2: val NMSE=0.7588  scaler mu=112.71 Mb sd=2.21 Mb
    (train gen + fit: 26.5s)

linearp
  loss ratio      0.000e+00   (0.000 Mb dropped)
  wasted slots      4.96% avoidable (plan error)     0.00% unavoidable (system empty)
  served          750.8 Mb/s
  backlog         mean    1.037 Mb   p95    1.303   p99    1.804   max    5.525
    cell0        mean    0.301 Mb   p95    0.653   p99    0.730   max    2.751
    cell1        mean    0.366 Mb   p95    0.727   p99    0.973   max    5.151
    cell2        mean    0.370 Mb   p95    0.722   p99    0.962   max    3.899
    worst cell    max    5.151 Mb   imbalance 0.070 Mb
  forecast MASE   0.8902   slot err 3.461 slots/cell/period
  mismatch        deficit 0.0009 Mb / surplus 19.5895 Mb per cell-period
  (36s)

dlinear
  loss ratio      0.000e+00   (0.000 Mb dropped)
  wasted slots      4.96% avoidable (plan error)     0.00% unavoidable (system empty)
  served          750.8 Mb/s
  backlog         mean    1.027 Mb   p95    1.271   p99    1.703   max    4.855
    cell0        mean    0.303 Mb   p95    0.655   p99    0.731   max    3.365
    cell1        mean    0.358 Mb   p95    0.706   p99    0.931   max    4.542
    cell2        mean    0.367 Mb   p95    0.716   p99    0.928   max    3.912
    worst cell    max    4.542 Mb   imbalance 0.064 Mb
  forecast MASE   0.9207   slot err 3.574 slots/cell/period
  mismatch        deficit 0.0007 Mb / surplus 19.5893 Mb per cell-period
  (36s)
  saved results_alpha/beam790e6/exp4_users_alpha/metrics.csv (8 rows)

replicate 3 done in 146s

##############################################################################
REPLICATE 4   test seeds [113, 114, 115]   train seeds [500113, 500114, 500115]
test traffic generated in 47.5s   offered 733.9 Mb/s   rho = 0.929

==============================================================================
[rep 4] sample_dt = 1.5s   1500 slots/period   4824 periods, start=24 (4800 decisions = 7200s measured)
  train: 4200 samples = 6300s (1.75h), generated at 1.5s bins
  H_meas (local Whittle, test window): c0=1.000  c1=0.905  c2=0.788   [nominal 0.98|0.88|0.78]
    cell0: H_est=0.990   m_train=454.8 vs m_test=434.4 Mb/s (+4.7%)
    cell1: H_est=0.848   m_train=225.7 vs m_test=224.7 Mb/s (+0.4%)
    cell2: H_est=0.736   m_train=75.3 vs m_test=74.8 Mb/s (+0.7%)
      linearP cell0: H_fit=0.950 sum(w)=0.964
      linearP cell1: H_fit=0.865 sum(w)=0.882
      linearP cell2: H_fit=0.770 sum(w)=0.748
      dlinear cell0: val NMSE=0.4430  scaler mu=680.88 Mb sd=9.62 Mb
      dlinear cell1: val NMSE=0.6105  scaler mu=338.72 Mb sd=6.23 Mb
      dlinear cell2: val NMSE=0.7821  scaler mu=112.99 Mb sd=2.20 Mb
    (train gen + fit: 26.6s)

linearp
  loss ratio      0.000e+00   (0.000 Mb dropped)
  wasted slots      7.10% avoidable (plan error)     0.00% unavoidable (system empty)
  served          733.9 Mb/s
  backlog         mean    0.940 Mb   p95    1.144   p99    1.248   max    2.325
    cell0        mean    0.271 Mb   p95    0.594   p99    0.658   max    0.965
    cell1        mean    0.324 Mb   p95    0.673   p99    0.846   max    2.032
    cell2        mean    0.345 Mb   p95    0.709   p99    0.825   max    1.809
    worst cell    max    2.032 Mb   imbalance 0.075 Mb
  forecast MASE   0.8906   slot err 3.547 slots/cell/period
  mismatch        deficit 0.0000 Mb / surplus 28.0494 Mb per cell-period
  (36s)

dlinear
  loss ratio      0.000e+00   (0.000 Mb dropped)
  wasted slots      7.10% avoidable (plan error)     0.00% unavoidable (system empty)
  served          733.9 Mb/s
  backlog         mean    0.940 Mb   p95    1.144   p99    1.248   max    2.345
    cell0        mean    0.270 Mb   p95    0.594   p99    0.659   max    0.949
    cell1        mean    0.326 Mb   p95    0.674   p99    0.852   max    2.123
    cell2        mean    0.345 Mb   p95    0.706   p99    0.819   max    1.809
    worst cell    max    2.123 Mb   imbalance 0.075 Mb
  forecast MASE   0.9140   slot err 3.570 slots/cell/period
  mismatch        deficit 0.0000 Mb / surplus 28.0494 Mb per cell-period
  (36s)
  saved results_alpha/beam790e6/exp4_users_alpha/metrics.csv (10 rows)

replicate 4 done in 146s

##############################################################################
REPLICATE 5   test seeds [116, 117, 118]   train seeds [500116, 500117, 500118]
test traffic generated in 47.2s   offered 748.4 Mb/s   rho = 0.947

==============================================================================
[rep 5] sample_dt = 1.5s   1500 slots/period   4824 periods, start=24 (4800 decisions = 7200s measured)
  train: 4200 samples = 6300s (1.75h), generated at 1.5s bins
  H_meas (local Whittle, test window): c0=0.976  c1=0.869  c2=0.757   [nominal 0.98|0.88|0.78]
    cell0: H_est=0.904   m_train=454.8 vs m_test=448.2 Mb/s (+1.5%)
    cell1: H_est=0.910   m_train=226.9 vs m_test=225.2 Mb/s (+0.8%)
    cell2: H_est=0.718   m_train=75.0 vs m_test=75.0 Mb/s (+0.0%)
      linearP cell0: H_fit=0.950 sum(w)=0.964
      linearP cell1: H_fit=0.880 sum(w)=0.899
      linearP cell2: H_fit=0.765 sum(w)=0.740
      dlinear cell0: val NMSE=0.4721  scaler mu=682.87 Mb sd=9.06 Mb
      dlinear cell1: val NMSE=0.6815  scaler mu=341.40 Mb sd=6.68 Mb
      dlinear cell2: val NMSE=0.7547  scaler mu=112.42 Mb sd=2.18 Mb
    (train gen + fit: 26.9s)

linearp
  loss ratio      0.000e+00   (0.000 Mb dropped)
  wasted slots      5.27% avoidable (plan error)     0.00% unavoidable (system empty)
  served          748.4 Mb/s
  backlog         mean    1.015 Mb   p95    1.253   p99    1.685   max    4.275
    cell0        mean    0.296 Mb   p95    0.648   p99    0.721   max    2.063
    cell1        mean    0.355 Mb   p95    0.701   p99    0.933   max    3.985
    cell2        mean    0.364 Mb   p95    0.711   p99    0.908   max    3.578
    worst cell    max    3.985 Mb   imbalance 0.068 Mb
  forecast MASE   0.8967   slot err 3.558 slots/cell/period
  mismatch        deficit 0.0009 Mb / surplus 20.8170 Mb per cell-period
  (36s)

dlinear
  loss ratio      0.000e+00   (0.000 Mb dropped)
  wasted slots      5.27% avoidable (plan error)     0.00% unavoidable (system empty)
  served          748.4 Mb/s
  backlog         mean    1.019 Mb   p95    1.268   p99    1.751   max    4.746
    cell0        mean    0.295 Mb   p95    0.645   p99    0.721   max    1.907
    cell1        mean    0.357 Mb   p95    0.702   p99    0.945   max    4.371
    cell2        mean    0.367 Mb   p95    0.718   p99    0.935   max    3.086
    worst cell    max    4.371 Mb   imbalance 0.072 Mb
  forecast MASE   0.9055   slot err 3.550 slots/cell/period
  mismatch        deficit 0.0008 Mb / surplus 20.8170 Mb per cell-period
  (36s)
  saved results_alpha/beam790e6/exp4_users_alpha/metrics.csv (12 rows)

replicate 5 done in 146s

##############################################################################
REPLICATE 6   test seeds [119, 120, 121]   train seeds [500119, 500120, 500121]
test traffic generated in 46.4s   offered 741.1 Mb/s   rho = 0.938

==============================================================================
[rep 6] sample_dt = 1.5s   1500 slots/period   4824 periods, start=24 (4800 decisions = 7200s measured)
  train: 4200 samples = 6300s (1.75h), generated at 1.5s bins
  H_meas (local Whittle, test window): c0=0.958  c1=0.879  c2=0.796   [nominal 0.98|0.88|0.78]
    cell0: H_est=1.000   m_train=470.9 vs m_test=441.1 Mb/s (+6.7%)
    cell1: H_est=0.869   m_train=225.7 vs m_test=225.3 Mb/s (+0.2%)
    cell2: H_est=0.800   m_train=75.0 vs m_test=74.7 Mb/s (+0.3%)
      linearP cell0: H_fit=0.960 sum(w)=0.972
      linearP cell1: H_fit=0.885 sum(w)=0.904
      linearP cell2: H_fit=0.785 sum(w)=0.773
      dlinear cell0: val NMSE=0.5164  scaler mu=706.74 Mb sd=12.53 Mb
      dlinear cell1: val NMSE=0.5625  scaler mu=338.64 Mb sd=6.74 Mb
      dlinear cell2: val NMSE=0.7991  scaler mu=112.35 Mb sd=2.20 Mb
    (train gen + fit: 26.8s)

linearp
  loss ratio      0.000e+00   (0.000 Mb dropped)
  wasted slots      6.19% avoidable (plan error)     0.00% unavoidable (system empty)
  served          741.1 Mb/s
  backlog         mean    0.970 Mb   p95    1.171   p99    1.322   max    4.488
    cell0        mean    0.282 Mb   p95    0.620   p99    0.686   max    1.044
    cell1        mean    0.335 Mb   p95    0.680   p99    0.884   max    4.149
    cell2        mean    0.353 Mb   p95    0.709   p99    0.836   max    1.976
    worst cell    max    4.149 Mb   imbalance 0.070 Mb
  forecast MASE   0.8965   slot err 3.537 slots/cell/period
  mismatch        deficit 0.0000 Mb / surplus 24.4361 Mb per cell-period
  (36s)

dlinear
  loss ratio      0.000e+00   (0.000 Mb dropped)
  wasted slots      6.19% avoidable (plan error)     0.00% unavoidable (system empty)
  served          741.1 Mb/s
  backlog         mean    0.976 Mb   p95    1.183   p99    1.391   max    5.278
    cell0        mean    0.279 Mb   p95    0.614   p99    0.683   max    0.971
    cell1        mean    0.341 Mb   p95    0.683   p99    0.889   max    4.939
    cell2        mean    0.356 Mb   p95    0.707   p99    0.846   max    2.846
    worst cell    max    4.939 Mb   imbalance 0.077 Mb
  forecast MASE   1.0135   slot err 3.697 slots/cell/period
  mismatch        deficit 0.0001 Mb / surplus 24.4362 Mb per cell-period
  (36s)
  saved results_alpha/beam790e6/exp4_users_alpha/metrics.csv (14 rows)

replicate 6 done in 145s

##############################################################################
REPLICATE 7   test seeds [122, 123, 124]   train seeds [500122, 500123, 500124]
test traffic generated in 45.7s   offered 753.8 Mb/s   rho = 0.954

==============================================================================
[rep 7] sample_dt = 1.5s   1500 slots/period   4824 periods, start=24 (4800 decisions = 7200s measured)
  train: 4200 samples = 6300s (1.75h), generated at 1.5s bins
  H_meas (local Whittle, test window): c0=0.948  c1=0.914  c2=0.762   [nominal 0.98|0.88|0.78]
    cell0: H_est=0.999   m_train=448.7 vs m_test=452.7 Mb/s (-0.9%)
    cell1: H_est=0.869   m_train=223.7 vs m_test=226.0 Mb/s (-1.0%)
    cell2: H_est=0.787   m_train=74.9 vs m_test=75.1 Mb/s (-0.3%)
      linearP cell0: H_fit=0.955 sum(w)=0.968
      linearP cell1: H_fit=0.865 sum(w)=0.882
      linearP cell2: H_fit=0.790 sum(w)=0.780
      dlinear cell0: val NMSE=0.3761  scaler mu=672.92 Mb sd=10.43 Mb
      dlinear cell1: val NMSE=0.6276  scaler mu=336.23 Mb sd=6.41 Mb
      dlinear cell2: val NMSE=0.7620  scaler mu=112.40 Mb sd=2.29 Mb
    (train gen + fit: 27.0s)

linearp
  loss ratio      0.000e+00   (0.000 Mb dropped)
  wasted slots      4.58% avoidable (plan error)     0.00% unavoidable (system empty)
  served          753.8 Mb/s
  backlog         mean    1.068 Mb   p95    1.415   p99    2.065   max    6.172
    cell0        mean    0.307 Mb   p95    0.665   p99    0.741   max    3.845
    cell1        mean    0.380 Mb   p95    0.772   p99    1.193   max    5.774
    cell2        mean    0.382 Mb   p95    0.759   p99    1.055   max    3.938
    worst cell    max    5.774 Mb   imbalance 0.075 Mb
  forecast MASE   0.8967   slot err 3.481 slots/cell/period
  mismatch        deficit 0.0011 Mb / surplus 18.1066 Mb per cell-period
  (36s)

dlinear
  loss ratio      0.000e+00   (0.000 Mb dropped)
  wasted slots      4.58% avoidable (plan error)     0.00% unavoidable (system empty)
  served          753.8 Mb/s
  backlog         mean    1.065 Mb   p95    1.401   p99    2.042   max    6.590
    cell0        mean    0.307 Mb   p95    0.664   p99    0.742   max    4.206
    cell1        mean    0.379 Mb   p95    0.771   p99    1.177   max    6.192
    cell2        mean    0.380 Mb   p95    0.750   p99    1.029   max    3.384
    worst cell    max    6.192 Mb   imbalance 0.073 Mb
  forecast MASE   0.8998   slot err 3.510 slots/cell/period
  mismatch        deficit 0.0011 Mb / surplus 18.1066 Mb per cell-period
  (35s)
  saved results_alpha/beam790e6/exp4_users_alpha/metrics.csv (16 rows)

replicate 7 done in 144s

##############################################################################
REPLICATE 8   test seeds [125, 126, 127]   train seeds [500125, 500126, 500127]
test traffic generated in 45.2s   offered 742.1 Mb/s   rho = 0.939

==============================================================================
[rep 8] sample_dt = 1.5s   1500 slots/period   4824 periods, start=24 (4800 decisions = 7200s measured)
  train: 4200 samples = 6300s (1.75h), generated at 1.5s bins
  H_meas (local Whittle, test window): c0=1.000  c1=0.857  c2=0.768   [nominal 0.98|0.88|0.78]
    cell0: H_est=0.986   m_train=445.3 vs m_test=440.4 Mb/s (+1.1%)
    cell1: H_est=0.925   m_train=227.3 vs m_test=227.0 Mb/s (+0.1%)
    cell2: H_est=0.770   m_train=74.5 vs m_test=74.6 Mb/s (-0.1%)
      linearP cell0: H_fit=0.960 sum(w)=0.972
      linearP cell1: H_fit=0.870 sum(w)=0.887
      linearP cell2: H_fit=0.765 sum(w)=0.740
      dlinear cell0: val NMSE=0.3509  scaler mu=666.03 Mb sd=10.75 Mb
      dlinear cell1: val NMSE=0.6911  scaler mu=339.87 Mb sd=6.76 Mb
      dlinear cell2: val NMSE=0.7993  scaler mu=111.83 Mb sd=2.19 Mb
    (train gen + fit: 27.0s)

linearp
  loss ratio      0.000e+00   (0.000 Mb dropped)
  wasted slots      6.07% avoidable (plan error)     0.00% unavoidable (system empty)
  served          742.1 Mb/s
  backlog         mean    0.980 Mb   p95    1.185   p99    1.380   max    4.115
    cell0        mean    0.284 Mb   p95    0.615   p99    0.685   max    1.101
    cell1        mean    0.338 Mb   p95    0.682   p99    0.890   max    3.772
    cell2        mean    0.358 Mb   p95    0.721   p99    0.854   max    2.873
    worst cell    max    3.772 Mb   imbalance 0.074 Mb
  forecast MASE   0.8859   slot err 3.503 slots/cell/period
  mismatch        deficit 0.0002 Mb / surplus 23.9728 Mb per cell-period
  (36s)

dlinear
  loss ratio      0.000e+00   (0.000 Mb dropped)
  wasted slots      6.07% avoidable (plan error)     0.00% unavoidable (system empty)
  served          742.1 Mb/s
  backlog         mean    0.980 Mb   p95    1.185   p99    1.382   max    4.228
    cell0        mean    0.284 Mb   p95    0.616   p99    0.686   max    1.101
    cell1        mean    0.338 Mb   p95    0.682   p99    0.884   max    3.910
    cell2        mean    0.358 Mb   p95    0.721   p99    0.849   max    2.631
    worst cell    max    3.910 Mb   imbalance 0.074 Mb
  forecast MASE   0.8883   slot err 3.505 slots/cell/period
  mismatch        deficit 0.0001 Mb / surplus 23.9727 Mb per cell-period
  (36s)
  saved results_alpha/beam790e6/exp4_users_alpha/metrics.csv (18 rows)

replicate 8 done in 144s

##############################################################################
REPLICATE 9   test seeds [128, 129, 130]   train seeds [500128, 500129, 500130]
test traffic generated in 47.6s   offered 758.1 Mb/s   rho = 0.960

==============================================================================
[rep 9] sample_dt = 1.5s   1500 slots/period   4824 periods, start=24 (4800 decisions = 7200s measured)
  train: 4200 samples = 6300s (1.75h), generated at 1.5s bins
  H_meas (local Whittle, test window): c0=1.000  c1=0.927  c2=0.802   [nominal 0.98|0.88|0.78]
    cell0: H_est=0.960   m_train=457.5 vs m_test=459.8 Mb/s (-0.5%)
    cell1: H_est=0.883   m_train=223.0 vs m_test=223.2 Mb/s (-0.1%)granularity_study.py:1132: UserWarning: Creating legend with loc="best" can be slow with large amounts of data.
  fig.tight_layout()
granularity_study.py:1133: UserWarning: Creating legend with loc="best" can be slow with large amounts of data.
  fig.savefig(f"{args.out_dir}/backlog_{tag}_{k}.png", dpi=120)
/home/olfa/Documents/Yekta/DLinear/vv/lib/python3.7/site-packages/numpy/core/_methods.py:263: RuntimeWarning: Degrees of freedom <= 0 for slice
  keepdims=keepdims, where=where)
/home/olfa/Documents/Yekta/DLinear/vv/lib/python3.7/site-packages/numpy/core/_methods.py:254: RuntimeWarning: invalid value encountered in double_scalars
  ret = ret.dtype.type(ret / rcount)

    cell2: H_est=0.824   m_train=74.7 vs m_test=75.1 Mb/s (-0.5%)
      linearP cell0: H_fit=0.945 sum(w)=0.960
      linearP cell1: H_fit=0.860 sum(w)=0.876
      linearP cell2: H_fit=0.795 sum(w)=0.788
      dlinear cell0: val NMSE=0.5167  scaler mu=687.57 Mb sd=9.63 Mb
      dlinear cell1: val NMSE=0.6108  scaler mu=335.16 Mb sd=6.45 Mb
      dlinear cell2: val NMSE=0.7680  scaler mu=111.98 Mb sd=2.32 Mb
    (train gen + fit: 26.9s)

linearp
  loss ratio      4.178e-07   (2.281 Mb dropped)
  wasted slots      4.03% avoidable (plan error)     0.00% unavoidable (system empty)
  served          758.1 Mb/s
  backlog         mean    1.176 Mb   p95    1.814   p99    3.154   max    9.250
    cell0        mean    0.328 Mb   p95    0.696   p99    0.879   max    6.629
    cell1        mean    0.440 Mb   p95    0.902   p99    2.043   max    8.389
    cell2        mean    0.408 Mb   p95    0.824   p99    1.374   max    3.729
    worst cell    max    8.389 Mb   imbalance 0.112 Mb
  forecast MASE   0.8977   slot err 3.573 slots/cell/period
  mismatch        deficit 0.0092 Mb / surplus 15.9355 Mb per cell-period
  (36s)

dlinear
  loss ratio      2.962e-07   (1.617 Mb dropped)
  wasted slots      4.03% avoidable (plan error)     0.00% unavoidable (system empty)
  served          758.1 Mb/s
  backlog         mean    1.180 Mb   p95    1.841   p99    3.199   max    9.037
    cell0        mean    0.328 Mb   p95    0.700   p99    0.878   max    6.029
    cell1        mean    0.436 Mb   p95    0.894   p99    2.012   max    8.389
    cell2        mean    0.416 Mb   p95    0.856   p99    1.469   max    4.140
    worst cell    max    8.389 Mb   imbalance 0.108 Mb
  forecast MASE   0.8988   slot err 3.568 slots/cell/period
  mismatch        deficit 0.0103 Mb / surplus 15.9366 Mb per cell-period
  (37s)
  saved results_alpha/beam790e6/exp4_users_alpha/metrics.csv (20 rows)

replicate 9 done in 147s


per-replicate summary -- loss ratio and mean backlog:
  sample_dt=1.5s  dlinear: 2.96e-08 / 1.02Mb   linearp: 4.18e-08 / 1.02Mb
pooled over R = 10 replicates (3 test + 3 train seeds each)
alpha = 1.04|1.24|1.44   H = 0.980|0.880|0.780
test 2h/replicate   900|450|150 sources/cell   fixed split 6|3|1   beam 790 Mb/s   buffer 1 MiB
mean +/- SE of the mean; SE = sd/sqrt(R)

========================================================================
sample_dt = 1.5s   decisions/replicate = 4800
  metric                             linearp           dlinear
  loss_ratio               4.178e-08+/-4e-08 2.962e-08+/-3e-08
  backlog_mean_Mb          1.022e+00+/-2e-02 1.023e+00+/-2e-02
  backlog_sd_Mb            2.004e-01+/-3e-02 2.035e-01+/-3e-02
  backlog_p95_Mb           1.305e+00+/-6e-02 1.310e+00+/-7e-02
  backlog_p99_Mb           1.752e+00+/-2e-01 1.773e+00+/-2e-01
  backlog_max_Mb           5.119e+00+/-6e-01 5.265e+00+/-6e-01
  backlog_max_cell_Mb      4.704e+00+/-6e-01 4.879e+00+/-6e-01
  backlog_mean_cell_max_Mb 3.708e-01+/-9e-03 3.706e-01+/-8e-03
  backlog_imbalance_Mb     7.613e-02+/-4e-03 7.657e-02+/-4e-03
  waste_avoidable_pct      5.457e+00+/-3e-01 5.457e+00+/-3e-01
  served_Mbps              7.469e+02+/-2e+00 7.469e+02+/-2e+00
  forecast_mase            8.933e-01+/-1e-03 9.182e-01+/-1e-02
  forecast_mase_eq         8.820e-01+/-1e-03 9.015e-01+/-8e-03
  forecast_mase_worst      9.208e-01+/-1e-03 9.700e-01+/-3e-02
  forecast_sd_ratio        7.899e-01+/-4e-03 7.696e-01+/-6e-03
  forecast_sd_ratio_eq     6.796e-01+/-2e-03 6.655e-01+/-4e-03
  slot_err                 3.509e+00+/-1e-02 3.547e+00+/-2e-02
  deficit_Mb_per_period    1.408e-03+/-9e-04 1.528e-03+/-1e-03
  surplus_Mb_per_period    2.156e+01+/-1e+00 2.156e+01+/-1e+00
  backlog_max_c0_Mb        2.283e+00+/-6e-01 2.306e+00+/-5e-01
  backlog_max_c1_Mb        4.704e+00+/-6e-01 4.879e+00+/-6e-01
  backlog_max_c2_Mb        2.969e+00+/-3e-01 2.973e+00+/-2e-01
  backlog_mean_c0_Mb       2.946e-01+/-5e-03 2.940e-01+/-5e-03
  backlog_mean_c1_Mb       3.599e-01+/-1e-02 3.609e-01+/-1e-02
  backlog_mean_c2_Mb       3.676e-01+/-6e-03 3.683e-01+/-6e-03
  backlog_p95_c0_Mb        6.423e-01+/-9e-03 6.411e-01+/-1e-02
  backlog_p95_c1_Mb        7.252e-01+/-2e-02 7.265e-01+/-2e-02
  backlog_p95_c2_Mb        7.352e-01+/-1e-02 7.357e-01+/-1e-02
  backlog_p99_c0_Mb        7.236e-01+/-2e-02 7.235e-01+/-2e-02
  backlog_p99_c1_Mb        1.061e+00+/-1e-01 1.069e+00+/-1e-01
  backlog_p99_c2_Mb        9.550e-01+/-5e-02 9.593e-01+/-6e-02
  backlog_sd_c0_Mb         2.320e-01+/-5e-03 2.318e-01+/-4e-03
  backlog_sd_c1_Mb         2.766e-01+/-2e-02 2.780e-01+/-2e-02
  backlog_sd_c2_Mb         2.401e-01+/-7e-03 2.414e-01+/-7e-03
  forecast_mase_c0         9.208e-01+/-1e-03 9.700e-01+/-3e-02
  forecast_mase_c1         8.820e-01+/-2e-03 8.880e-01+/-3e-03
  forecast_mase_c2         8.433e-01+/-2e-03 8.466e-01+/-2e-03
  forecast_sd_ratio_c0     8.388e-01+/-4e-03 8.163e-01+/-7e-03
  forecast_sd_ratio_c1     6.907e-01+/-4e-03 6.740e-01+/-8e-03
  forecast_sd_ratio_c2     5.092e-01+/-6e-03 5.062e-01+/-6e-03
  slot_err_c0              4.247e+00+/-2e-02 4.300e+00+/-3e-02
  slot_err_c1              4.207e+00+/-2e-02 4.263e+00+/-3e-02
  slot_err_c2              2.074e+00+/-9e-03 2.079e+00+/-9e-03

  PAIRED (same seeds; negative = first policy better).  t-interval at 95%
    dmax_cell[linearp-dlinear] = -0.1749 +/- 0.2648 Mb   linearp better in 7/10
    dimbalance[linearp-dlinear] = -0.0004 +/- 0.0027 Mb   linearp better in 6/10
    dmax[linearp-dlinear] = -0.1454 +/- 0.2970 Mb   linearp better in 7/10
    dmean[linearp-dlinear] = -0.0011 +/- 0.0034 Mb   linearp better in 7/10
    dmase[linearp-dlinear] = -0.0250 +/- 0.0252    linearp better in 10/10
  * dmase_eq[linearp-dlinear] = -0.0195 +/- 0.0188    linearp better in 10/10
    dmase_worst[linearp-dlinear] = -0.0492 +/- 0.0562    linearp better in 10/10
  * dsd_ratio[linearp-dlinear] = +0.0203 +/- 0.0094    linearp better in 1/10
  * dsd_ratio_eq[linearp-dlinear] = +0.0141 +/- 0.0088    linearp better in 2/10
    loss[linearp]/loss[dlinear] = 1.411 (x/ nan)   linearp better in 0/1

  saved results_alpha/beam790e6/exp4_users_alpha/summary_pooled.txt
  saved results_alpha/beam790e6/exp4_users_alpha/pooled.csv

total 1445s
